Archive member included to satisfy reference by file (symbol)

h:/tourkey course/tools/arm_training/arm tools iti/arm gcc/bin/../lib/gcc/arm-none-eabi/5.4.1/armv7-m\libgcc.a(_arm_addsubsf3.o)
                              ./src/LIB/DELAY.o (__aeabi_fsub)
h:/tourkey course/tools/arm_training/arm tools iti/arm gcc/bin/../lib/gcc/arm-none-eabi/5.4.1/armv7-m\libgcc.a(_arm_muldivsf3.o)
                              ./src/LIB/DELAY.o (__aeabi_fdiv)
h:/tourkey course/tools/arm_training/arm tools iti/arm gcc/bin/../lib/gcc/arm-none-eabi/5.4.1/armv7-m\libgcc.a(_arm_fixunssfsi.o)
                              ./src/LIB/DELAY.o (__aeabi_f2uiz)
h:/tourkey course/tools/arm_training/arm tools iti/arm gcc/bin/../lib/gcc/arm-none-eabi/5.4.1/../../../../arm-none-eabi/lib/armv7-m\libg_nano.a(lib_a-errno.o)
                              ./system/src/newlib/_sbrk.o (__errno)
h:/tourkey course/tools/arm_training/arm tools iti/arm gcc/bin/../lib/gcc/arm-none-eabi/5.4.1/../../../../arm-none-eabi/lib/armv7-m\libg_nano.a(lib_a-impure.o)
                              h:/tourkey course/tools/arm_training/arm tools iti/arm gcc/bin/../lib/gcc/arm-none-eabi/5.4.1/../../../../arm-none-eabi/lib/armv7-m\libg_nano.a(lib_a-errno.o) (_impure_ptr)
h:/tourkey course/tools/arm_training/arm tools iti/arm gcc/bin/../lib/gcc/arm-none-eabi/5.4.1/../../../../arm-none-eabi/lib/armv7-m\libg_nano.a(lib_a-strlen.o)
                              ./system/src/diag/Trace.o (strlen)
h:/tourkey course/tools/arm_training/arm tools iti/arm gcc/bin/../lib/gcc/arm-none-eabi/5.4.1/../../../../arm-none-eabi/lib/armv7-m\libg_nano.a(lib_a-vsnprintf.o)
                              ./system/src/diag/Trace.o (vsnprintf)
h:/tourkey course/tools/arm_training/arm tools iti/arm gcc/bin/../lib/gcc/arm-none-eabi/5.4.1/../../../../arm-none-eabi/lib/armv7-m\libg_nano.a(lib_a-nano-svfprintf.o)
                              h:/tourkey course/tools/arm_training/arm tools iti/arm gcc/bin/../lib/gcc/arm-none-eabi/5.4.1/../../../../arm-none-eabi/lib/armv7-m\libg_nano.a(lib_a-vsnprintf.o) (_svfprintf_r)
h:/tourkey course/tools/arm_training/arm tools iti/arm gcc/bin/../lib/gcc/arm-none-eabi/5.4.1/../../../../arm-none-eabi/lib/armv7-m\libg_nano.a(lib_a-nano-vfprintf_i.o)
                              h:/tourkey course/tools/arm_training/arm tools iti/arm gcc/bin/../lib/gcc/arm-none-eabi/5.4.1/../../../../arm-none-eabi/lib/armv7-m\libg_nano.a(lib_a-nano-svfprintf.o) (_printf_i)
h:/tourkey course/tools/arm_training/arm tools iti/arm gcc/bin/../lib/gcc/arm-none-eabi/5.4.1/../../../../arm-none-eabi/lib/armv7-m\libg_nano.a(lib_a-memchr-stub.o)
                              h:/tourkey course/tools/arm_training/arm tools iti/arm gcc/bin/../lib/gcc/arm-none-eabi/5.4.1/../../../../arm-none-eabi/lib/armv7-m\libg_nano.a(lib_a-nano-svfprintf.o) (memchr)
h:/tourkey course/tools/arm_training/arm tools iti/arm gcc/bin/../lib/gcc/arm-none-eabi/5.4.1/../../../../arm-none-eabi/lib/armv7-m\libg_nano.a(lib_a-memcpy-stub.o)
                              h:/tourkey course/tools/arm_training/arm tools iti/arm gcc/bin/../lib/gcc/arm-none-eabi/5.4.1/../../../../arm-none-eabi/lib/armv7-m\libg_nano.a(lib_a-nano-svfprintf.o) (memcpy)
h:/tourkey course/tools/arm_training/arm tools iti/arm gcc/bin/../lib/gcc/arm-none-eabi/5.4.1/../../../../arm-none-eabi/lib/armv7-m\libg_nano.a(lib_a-memmove.o)
                              h:/tourkey course/tools/arm_training/arm tools iti/arm gcc/bin/../lib/gcc/arm-none-eabi/5.4.1/../../../../arm-none-eabi/lib/armv7-m\libg_nano.a(lib_a-nano-svfprintf.o) (memmove)
h:/tourkey course/tools/arm_training/arm tools iti/arm gcc/bin/../lib/gcc/arm-none-eabi/5.4.1/../../../../arm-none-eabi/lib/armv7-m\libg_nano.a(lib_a-nano-freer.o)
                              h:/tourkey course/tools/arm_training/arm tools iti/arm gcc/bin/../lib/gcc/arm-none-eabi/5.4.1/../../../../arm-none-eabi/lib/armv7-m\libg_nano.a(lib_a-nano-svfprintf.o) (_free_r)
h:/tourkey course/tools/arm_training/arm tools iti/arm gcc/bin/../lib/gcc/arm-none-eabi/5.4.1/../../../../arm-none-eabi/lib/armv7-m\libg_nano.a(lib_a-nano-mallocr.o)
                              h:/tourkey course/tools/arm_training/arm tools iti/arm gcc/bin/../lib/gcc/arm-none-eabi/5.4.1/../../../../arm-none-eabi/lib/armv7-m\libg_nano.a(lib_a-nano-svfprintf.o) (_malloc_r)
h:/tourkey course/tools/arm_training/arm tools iti/arm gcc/bin/../lib/gcc/arm-none-eabi/5.4.1/../../../../arm-none-eabi/lib/armv7-m\libg_nano.a(lib_a-nano-reallocr.o)
                              h:/tourkey course/tools/arm_training/arm tools iti/arm gcc/bin/../lib/gcc/arm-none-eabi/5.4.1/../../../../arm-none-eabi/lib/armv7-m\libg_nano.a(lib_a-nano-svfprintf.o) (_realloc_r)
h:/tourkey course/tools/arm_training/arm tools iti/arm gcc/bin/../lib/gcc/arm-none-eabi/5.4.1/../../../../arm-none-eabi/lib/armv7-m\libg_nano.a(lib_a-sbrkr.o)
[...]
Memory Configuration

Name             Origin             Length             Attributes
RAM              0x20000000         0x00005000         xrw
CCMRAM           0x00000000         0x00000000         xrw
FLASH            0x08003000         0x00007800         xr
FLASHB1          0x00000000         0x00000000         xr
EXTMEMB0         0x00000000         0x00000000         xr
EXTMEMB1         0x00000000         0x00000000         xr
EXTMEMB2         0x00000000         0x00000000         xr
EXTMEMB3         0x00000000         0x00000000         xr
MEMORY_ARRAY     0x00000000         0x00000000         xrw
*default*        0x00000000         0xffffffff

Linker script and memory map

LOAD ./system/src/stm32f1-stdperiph/misc.o
LOAD ./system/src/stm32f1-stdperiph/stm32f10x_gpio.o
LOAD ./system/src/stm32f1-stdperiph/stm32f10x_rcc.o
LOAD ./system/src/newlib/_cxx.o
LOAD ./system/src/newlib/_exit.o
LOAD ./system/src/newlib/_sbrk.o
LOAD ./system/src/newlib/_startup.o
LOAD ./system/src/newlib/_syscalls.o
LOAD ./system/src/newlib/assert.o
LOAD ./system/src/diag/Trace.o
LOAD ./system/src/diag/trace_impl.o
LOAD ./system/src/cortexm/_initialize_hardware.o
LOAD ./system/src/cortexm/_reset_hardware.o
LOAD ./system/src/cortexm/exception_handlers.o
LOAD ./system/src/cmsis/system_stm32f10x.o
LOAD ./system/src/cmsis/vectors_stm32f10x.o
LOAD ./src/RCC/RCC_program.o
LOAD ./src/LIB/DELAY.o
LOAD ./src/GPIO/GPIO_program.o
LOAD ./src/_write.o
LOAD ./src/main.o
LOAD h:/tourkey course/tools/arm_training/arm tools iti/arm gcc/bin/../lib/gcc/arm-none-eabi/5.4.1/../../../../arm-none-eabi/lib/armv7-m\libstdc++_nano.a
LOAD h:/tourkey course/tools/arm_training/arm tools iti/arm gcc/bin/../lib/gcc/arm-none-eabi/5.4.1/../../../../arm-none-eabi/lib/armv7-m\libm.a
START GROUP
LOAD h:/tourkey course/tools/arm_training/arm tools iti/arm gcc/bin/../lib/gcc/arm-none-eabi/5.4.1/armv7-m\libgcc.a
LOAD h:/tourkey course/tools/arm_training/arm tools iti/arm gcc/bin/../lib/gcc/arm-none-eabi/5.4.1/../../../../arm-none-eabi/lib/armv7-m\libg_nano.a
LOAD h:/tourkey course/tools/arm_training/arm tools iti/arm gcc/bin/../lib/gcc/arm-none-eabi/5.4.1/../../../../arm-none-eabi/lib/armv7-m\libc_nano.a
END GROUP
START GROUP
LOAD h:/tourkey course/tools/arm_training/arm tools iti/arm gcc/bin/../lib/gcc/arm-none-eabi/5.4.1/armv7-m\libgcc.a
LOAD h:/tourkey course/tools/arm_training/arm tools iti/arm gcc/bin/../lib/gcc/arm-none-eabi/5.4.1/../../../../arm-none-eabi/lib/armv7-m\libc_nano.a
END GROUP
                0x20005000                __stack = (ORIGIN (RAM) + LENGTH (RAM))
                0x20005000                _estack = __stack
                0x00000400                __Main_Stack_Size = 0x400
                [!provide]                PROVIDE (_Main_Stack_Size, __Main_Stack_Size)
                0x20004c00                __Main_Stack_Limit = (__stack - __Main_Stack_Size)
                [!provide]                PROVIDE (_Main_Stack_Limit, __Main_Stack_Limit)
                0x00000100                _Minimum_Stack_Size = 0x100
                0x20000124                PROVIDE (_Heap_Begin, _end_noinit)
                0x20004c00                PROVIDE (_Heap_Limit, (__stack - __Main_Stack_Size))

.isr_vector     0x08003000      0x354
 FILL mask 0xff
                0x08003000                __vectors_start = ABSOLUTE (.)
                0x08003000                __vectors_start__ = ABSOLUTE (.)
 *(.isr_vector)
 .isr_vector    0x08003000      0x10c ./system/src/cmsis/vectors_stm32f10x.o
                0x08003000                __isr_vectors
 *(.cfmconfig)
 *(.after_vectors .after_vectors.*)
 .after_vectors
                0x0800310c      0x114 ./system/src/newlib/_startup.o
                0x0800310c                _start
 .after_vectors
                0x08003220      0x130 ./system/src/cortexm/exception_handlers.o
                0x08003220                Reset_Handler
                0x08003228                NMI_Handler
                0x0800322c                HardFault_Handler
                0x08003240                HardFault_Handler_C
                0x080032a0                MemManage_Handler
                0x080032a4                BusFault_Handler
                0x080032b8                BusFault_Handler_C
                0x080032ec                UsageFault_Handler
                0x08003300                UsageFault_Handler_C
                0x08003334                SVC_Handler
                0x08003338                DebugMon_Handler
                0x0800333c                PendSV_Handler
                0x08003340                SysTick_Handler
 .after_vectors
                0x08003350        0x4 ./system/src/cmsis/vectors_stm32f10x.o
                0x08003350                EXTI2_IRQHandler
                0x08003350                TIM8_TRG_COM_IRQHandler
                0x08003350                TIM8_CC_IRQHandler
                0x08003350                TIM1_CC_IRQHandler
                0x08003350                TIM6_IRQHandler
                0x08003350                PVD_IRQHandler
                0x08003350                SDIO_IRQHandler
                0x08003350                CAN2_RX1_IRQHandler
                0x08003350                EXTI3_IRQHandler
                0x08003350                TIM8_TRG_COM_TIM14_IRQHandler
                0x08003350                TIM1_UP_TIM10_IRQHandler
                0x08003350                TIM8_UP_TIM13_IRQHandler
                0x08003350                EXTI0_IRQHandler
                0x08003350                I2C2_EV_IRQHandler
                0x08003350                CAN1_RX0_IRQHandler
                0x08003350                TIM1_UP_TIM16_IRQHandler
                0x08003350                CAN2_SCE_IRQHandler
                0x08003350                ADC1_2_IRQHandler
                0x08003350                SPI1_IRQHandler
                0x08003350                TAMPER_IRQHandler
                0x08003350                TIM6_DAC_IRQHandler
                0x08003350                TIM1_BRK_TIM9_IRQHandler
                0x08003350                CAN2_RX0_IRQHandler
                0x08003350                TIM8_UP_IRQHandler
                0x08003350                DMA2_Channel2_IRQHandler
                0x08003350                DMA1_Channel4_IRQHandler
                0x08003350                USART3_IRQHandler
                0x08003350                RTC_IRQHandler
                0x08003350                DMA1_Channel7_IRQHandler
                0x08003350                CAN1_RX1_IRQHandler
                0x08003350                UART5_IRQHandler
                0x08003350                ADC3_IRQHandler
                0x08003350                TIM4_IRQHandler
                0x08003350                DMA2_Channel1_IRQHandler
                0x08003350                I2C1_EV_IRQHandler
                0x08003350                DMA1_Channel6_IRQHandler
                0x08003350                UART4_IRQHandler
                0x08003350                DMA2_Channel4_IRQHandler
                0x08003350                TIM3_IRQHandler
                0x08003350                RCC_IRQHandler
                0x08003350                TIM8_BRK_TIM12_IRQHandler
                0x08003350                TIM1_TRG_COM_IRQHandler
                0x08003350                DMA1_Channel1_IRQHandler
                0x08003350                Default_Handler
                0x08003350                CEC_IRQHandler
                0x08003350                EXTI15_10_IRQHandler
                0x08003350                TIM14_IRQHandler
                0x08003350                TIM13_IRQHandler
                0x08003350                TIM12_IRQHandler
                0x08003350                TIM7_IRQHandler
                0x08003350                CAN2_TX_IRQHandler
                0x08003350                TIM5_IRQHandler
                0x08003350                EXTI9_5_IRQHandler
                0x08003350                ETH_WKUP_IRQHandler
                0x08003350                SPI2_IRQHandler
                0x08003350                CAN1_TX_IRQHandler
                0x08003350                DMA2_Channel5_IRQHandler
                0x08003350                DMA1_Channel5_IRQHandler
                0x08003350                EXTI4_IRQHandler
                0x08003350                USB_LP_CAN1_RX0_IRQHandler
                0x08003350                TIM1_TRG_COM_TIM17_IRQHandler
                0x08003350                USB_HP_CAN1_TX_IRQHandler
                0x08003350                DMA1_Channel3_IRQHandler
                0x08003350                FSMC_IRQHandler
                0x08003350                ETH_IRQHandler
                0x08003350                TIM1_UP_IRQHandler
                0x08003350                WWDG_IRQHandler
                0x08003350                TIM2_IRQHandler
                0x08003350                OTG_FS_WKUP_IRQHandler
                0x08003350                TIM1_TRG_COM_TIM11_IRQHandler
                0x08003350                TIM1_BRK_IRQHandler
                0x08003350                EXTI1_IRQHandler
                0x08003350                RTCAlarm_IRQHandler
                0x08003350                DMA2_Channel4_5_IRQHandler
                0x08003350                USART2_IRQHandler
                0x08003350                I2C2_ER_IRQHandler
                0x08003350                DMA1_Channel2_IRQHandler
                0x08003350                TIM8_BRK_IRQHandler
                0x08003350                CAN1_SCE_IRQHandler
                0x08003350                FLASH_IRQHandler
                0x08003350                USART1_IRQHandler
                0x08003350                OTG_FS_IRQHandler
                0x08003350                SPI3_IRQHandler
                0x08003350                I2C1_ER_IRQHandler
                0x08003350                USBWakeUp_IRQHandler
                0x08003350                DMA2_Channel3_IRQHandler
                0x08003350                TIM1_BRK_TIM15_IRQHandler

.inits          0x08003354       0x28
                0x08003354                __data_regions_array_start = .
                0x08003354        0x4 LONG 0x8004834 LOADADDR (.data)
                0x08003358        0x4 LONG 0x20000000 ADDR (.data)
                0x0800335c        0x4 LONG 0x20000088 (ADDR (.data) + SIZEOF (.data))
                0x08003360        0x4 LONG 0x8004834 LOADADDR (.data_CCMRAM)
                0x08003364        0x4 LONG 0x0 ADDR (.data_CCMRAM)
                0x08003368        0x4 LONG 0x0 (ADDR (.data_CCMRAM) + SIZEOF (.data_CCMRAM))
                0x0800336c                __data_regions_array_end = .
                0x0800336c                __bss_regions_array_start = .
                0x0800336c        0x4 LONG 0x20000088 ADDR (.bss)
                0x08003370        0x4 LONG 0x20000124 (ADDR (.bss) + SIZEOF (.bss))
                0x08003374        0x4 LONG 0x0 ADDR (.bss_CCMRAM)
                0x08003378        0x4 LONG 0x0 (ADDR (.bss_CCMRAM) + SIZEOF (.bss_CCMRAM))
                0x0800337c                __bss_regions_array_end = .
 *(.init)
 *(.fini)
                0x0800337c                . = ALIGN (0x4)
                0x0800337c                PROVIDE (__preinit_array_start, .)
 *(.preinit_array_sysinit .preinit_array_sysinit.*)
 *(.preinit_array_platform .preinit_array_platform.*)
 *(.preinit_array .preinit_array.*)
                0x0800337c                PROVIDE (__preinit_array_end, .)
                0x0800337c                . = ALIGN (0x4)
                0x0800337c                PROVIDE (__init_array_start, .)
 *(SORT(.init_array.*))
 *(.init_array)
                0x0800337c                PROVIDE (__init_array_end, .)
                0x0800337c                . = ALIGN (0x4)
                0x0800337c                PROVIDE (__fini_array_start, .)
 *(SORT(.fini_array.*))
 *(.fini_array)
                0x0800337c                PROVIDE (__fini_array_end, .)

.flashtext
 *(.flashtext .flashtext.*)

.text           0x0800337c     0x14b7
 *(.text .text.*)
 .text._exit    0x0800337c        0x4 ./system/src/newlib/_exit.o
                0x0800337c                _exit
 .text._sbrk    0x08003380       0x44 ./system/src/newlib/_sbrk.o
                0x08003380                _sbrk
 .text.__initialize_args
                0x080033c4       0x10 ./system/src/newlib/_syscalls.o
                0x080033c4                __initialize_args
 .text.trace_printf
                0x080033d4       0x30 ./system/src/diag/Trace.o
                0x080033d4                trace_printf
 .text._trace_write_semihosting_debug
                0x08003404       0x64 ./system/src/diag/trace_impl.o
 .text.trace_write
                0x08003468        0x8 ./system/src/diag/trace_impl.o
                0x08003468                trace_write
 .text.__initialize_hardware_early
                0x08003470       0x14 ./system/src/cortexm/_initialize_hardware.o
                0x08003470                __initialize_hardware_early
 .text.__initialize_hardware
                0x08003484        0x8 ./system/src/cortexm/_initialize_hardware.o
                0x08003484                __initialize_hardware
 .text.dumpExceptionStack
                0x0800348c       0xf0 ./system/src/cortexm/exception_handlers.o
                0x0800348c                dumpExceptionStack
 .text.isSemihosting
                0x0800357c       0x20 ./system/src/cortexm/exception_handlers.o
                0x0800357c                isSemihosting
 .text.SetSysClockTo72
                0x0800359c       0xc4 ./system/src/cmsis/system_stm32f10x.o
 .text.SetSysClock
                0x08003660        0x8 ./system/src/cmsis/system_stm32f10x.o
 .text.SystemInit
                0x08003668       0x50 ./system/src/cmsis/system_stm32f10x.o
                0x08003668                SystemInit
 .text.SystemCoreClockUpdate
                0x080036b8       0x94 ./system/src/cmsis/system_stm32f10x.o
                0x080036b8                SystemCoreClockUpdate
 .text.RCC_SelectSystemClk
                0x0800374c       0x2c ./src/RCC/RCC_program.o
                0x0800374c                RCC_SelectSystemClk
 .text.RCC_APB2_SetPeripheralClk
                0x08003778       0x28 ./src/RCC/RCC_program.o
                0x08003778                RCC_APB2_SetPeripheralClk
 .text.Delay_ms
                0x080037a0       0x34 ./src/LIB/DELAY.o
                0x080037a0                Delay_ms
 .text.GPIO_InitOnePin
                0x080037d4       0xd4 ./src/GPIO/GPIO_program.o
                0x080037d4                GPIO_InitOnePin
 .text.GPIO_writePinValue
                0x080038a8       0x34 ./src/GPIO/GPIO_program.o
                0x080038a8                GPIO_writePinValue
 .text.main     0x080038dc       0x4c ./src/main.o
                0x080038dc                main
 .text          0x08003928      0x21c h:/tourkey course/tools/arm_training/arm tools iti/arm gcc/bin/../lib/gcc/arm-none-eabi/5.4.1/armv7-m\libgcc.a(_arm_addsubsf3.o)
                0x08003928                __aeabi_frsub
                0x08003930                __subsf3
                0x08003930                __aeabi_fsub
                0x08003934                __aeabi_fadd
                0x08003934                __addsf3
                0x08003a94                __aeabi_ui2f
                0x08003a94                __floatunsisf
                0x08003a9c                __aeabi_i2f
                0x08003a9c                __floatsisf
                0x08003ab8                __aeabi_ul2f
                0x08003ab8                __floatundisf
                0x08003ac8                __aeabi_l2f
                0x08003ac8                __floatdisf
 .text          0x08003b44      0x2a0 h:/tourkey course/tools/arm_training/arm tools iti/arm gcc/bin/../lib/gcc/arm-none-eabi/5.4.1/armv7-m\libgcc.a(_arm_muldivsf3.o)
                0x08003b44                __mulsf3
                0x08003b44                __aeabi_fmul
                0x08003cac                __aeabi_fdiv
                0x08003cac                __divsf3
 .text          0x08003de4       0x40 h:/tourkey course/tools/arm_training/arm tools iti/arm gcc/bin/../lib/gcc/arm-none-eabi/5.4.1/armv7-m\libgcc.a(_arm_fixunssfsi.o)
                0x08003de4                __fixunssfsi
                0x08003de4                __aeabi_f2uiz
 .text.__errno  0x08003e24        0xc h:/tourkey course/tools/arm_training/arm tools iti/arm gcc/bin/../lib/gcc/arm-none-eabi/5.4.1/../../../../arm-none-eabi/lib/armv7-m\libg_nano.a(lib_a-errno.o)
                0x08003e24                __errno
 .text._vsnprintf_r
                0x08003e30       0x56 h:/tourkey course/tools/arm_training/arm tools iti/arm gcc/bin/../lib/gcc/arm-none-eabi/5.4.1/../../../../arm-none-eabi/lib/armv7-m\libg_nano.a(lib_a-vsnprintf.o)
                0x08003e30                _vsniprintf_r
                0x08003e30                _vsnprintf_r
 *fill*         0x08003e86        0x2 
 .text.vsnprintf
                0x08003e88       0x1c h:/tourkey course/tools/arm_training/arm tools iti/arm gcc/bin/../lib/gcc/arm-none-eabi/5.4.1/../../../../arm-none-eabi/lib/armv7-m\libg_nano.a(lib_a-vsnprintf.o)
                0x08003e88                vsniprintf
                0x08003e88                vsnprintf
 .text.__ssputs_r
                0x08003ea4       0xb2 h:/tourkey course/tools/arm_training/arm tools iti/arm gcc/bin/../lib/gcc/arm-none-eabi/5.4.1/../../../../arm-none-eabi/lib/armv7-m\libg_nano.a(lib_a-nano-svfprintf.o)
                0x08003ea4                __ssputs_r
 *fill*         0x08003f56        0x2 
 .text._svfprintf_r
                0x08003f58      0x1e8 h:/tourkey course/tools/arm_training/arm tools iti/arm gcc/bin/../lib/gcc/arm-none-eabi/5.4.1/../../../../arm-none-eabi/lib/armv7-m\libg_nano.a(lib_a-nano-svfprintf.o)
                0x08003f58                _svfiprintf_r
                0x08003f58                _svfprintf_r
 .text._printf_common
                0x08004140       0xec h:/tourkey course/tools/arm_training/arm tools iti/arm gcc/bin/../lib/gcc/arm-none-eabi/5.4.1/../../../../arm-none-eabi/lib/armv7-m\libg_nano.a(lib_a-nano-vfprintf_i.o)
                0x08004140                _printf_common
 .text._printf_i
                0x0800422c      0x24c h:/tourkey course/tools/arm_training/arm tools iti/arm gcc/bin/../lib/gcc/arm-none-eabi/5.4.1/../../../../arm-none-eabi/lib/armv7-m\libg_nano.a(lib_a-nano-vfprintf_i.o)
                0x0800422c                _printf_i
 .text.memchr   0x08004478       0x1c h:/tourkey course/tools/arm_training/arm tools iti/arm gcc/bin/../lib/gcc/arm-none-eabi/5.4.1/../../../../arm-none-eabi/lib/armv7-m\libg_nano.a(lib_a-memchr-stub.o)
                0x08004478                memchr
 .text.memcpy   0x08004494       0x16 h:/tourkey course/tools/arm_training/arm tools iti/arm gcc/bin/../lib/gcc/arm-none-eabi/5.4.1/../../../../arm-none-eabi/lib/armv7-m\libg_nano.a(lib_a-memcpy-stub.o)
                0x08004494                memcpy
 .text.memmove  0x080044aa       0x36 h:/tourkey course/tools/arm_training/arm tools iti/arm gcc/bin/../lib/gcc/arm-none-eabi/5.4.1/../../../../arm-none-eabi/lib/armv7-m\libg_nano.a(lib_a-memmove.o)
                0x080044aa                memmove
 .text._free_r  0x080044e0       0x98 h:/tourkey course/tools/arm_training/arm tools iti/arm gcc/bin/../lib/gcc/arm-none-eabi/5.4.1/../../../../arm-none-eabi/lib/armv7-m\libg_nano.a(lib_a-nano-freer.o)
                0x080044e0                _free_r
 .text._malloc_r
                0x08004578       0xbc h:/tourkey course/tools/arm_training/arm tools iti/arm gcc/bin/../lib/gcc/arm-none-eabi/5.4.1/../../../../arm-none-eabi/lib/armv7-m\libg_nano.a(lib_a-nano-mallocr.o)
                0x08004578                _malloc_r
 .text._realloc_r
                0x08004634       0x4c h:/tourkey course/tools/arm_training/arm tools iti/arm gcc/bin/../lib/gcc/arm-none-eabi/5.4.1/../../../../arm-none-eabi/lib/armv7-m\libg_nano.a(lib_a-nano-reallocr.o)
                0x08004634                _realloc_r
 .text._sbrk_r  0x08004680       0x20 h:/tourkey course/tools/arm_training/arm tools iti/arm gcc/bin/../lib/gcc/arm-none-eabi/5.4.1/../../../../arm-none-eabi/lib/armv7-m\libg_nano.a(lib_a-sbrkr.o)
                0x08004680                _sbrk_r
 .text.__malloc_lock
                0x080046a0        0x2 h:/tourkey course/tools/arm_training/arm tools iti/arm gcc/bin/../lib/gcc/arm-none-eabi/5.4.1/../../../../arm-none-eabi/lib/armv7-m\libg_nano.a(lib_a-mlock.o)
                0x080046a0                __malloc_lock
 .text.__malloc_unlock
                0x080046a2        0x2 h:/tourkey course/tools/arm_training/arm tools iti/arm gcc/bin/../lib/gcc/arm-none-eabi/5.4.1/../../../../arm-none-eabi/lib/armv7-m\libg_nano.a(lib_a-mlock.o)
                0x080046a2                __malloc_unlock
 .text._malloc_usable_size_r
                0x080046a4       0x14 h:/tourkey course/tools/arm_training/arm tools iti/arm gcc/bin/../lib/gcc/arm-none-eabi/5.4.1/../../../../arm-none-eabi/lib/armv7-m\libg_nano.a(lib_a-nano-msizer.o)
                0x080046a4                _malloc_usable_size_r
 *(.rodata .rodata.* .constdata .constdata.*)
 .rodata.str1.4
                0x080046b8      0x148 ./system/src/cortexm/exception_handlers.o
                                0x146 (size before relaxing)
 .rodata.str1.1
                0x08004800       0x11 h:/tourkey course/tools/arm_training/arm tools iti/arm gcc/bin/../lib/gcc/arm-none-eabi/5.4.1/../../../../arm-none-eabi/lib/armv7-m\libg_nano.a(lib_a-nano-svfprintf.o)
 .rodata.str1.1
                0x08004811       0x22 h:/tourkey course/tools/arm_training/arm tools iti/arm gcc/bin/../lib/gcc/arm-none-eabi/5.4.1/../../../../arm-none-eabi/lib/armv7-m\libg_nano.a(lib_a-nano-vfprintf_i.o)
 *(vtable)
 *(.eh_frame*)
 *(.glue_7)
 .glue_7        0x08004833        0x0 linker stubs
 *(.glue_7t)
 .glue_7t       0x08004833        0x0 linker stubs

.vfp11_veneer   0x08004834        0x0
 .vfp11_veneer  0x08004834        0x0 linker stubs

.v4_bx          0x08004834        0x0
 .v4_bx         0x08004834        0x0 linker stubs

.iplt           0x08004834        0x0
 .iplt          0x08004834        0x0 ./system/src/stm32f1-stdperiph/misc.o

.rel.dyn        0x08004834        0x0
 .rel.iplt      0x08004834        0x0 ./system/src/stm32f1-stdperiph/misc.o

.ARM.extab
 *(.ARM.extab* .gnu.linkonce.armextab.*)
                0x08004834                . = ALIGN (0x4)
                0x08004834                __exidx_start = .

.ARM.exidx
 *(.ARM.exidx* .gnu.linkonce.armexidx.*)
                0x08004834                __exidx_end = .
                0x08004834                . = ALIGN (0x4)
                0x08004834                _etext = .
                0x08004834                __etext = .

.data_CCMRAM    0x00000000        0x0 load address 0x08004834
 FILL mask 0xff
 *(.data.CCMRAM .data.CCMRAM.*)
                0x00000000                . = ALIGN (0x4)
                0x08004834                _sidata = LOADADDR (.data)

.data           0x20000000       0x88 load address 0x08004834
 FILL mask 0xff
                0x20000000                _sdata = .
                0x20000000                __data_start__ = .
 *(.data_begin .data_begin.*)
 .data_begin    0x20000000        0x4 ./system/src/newlib/_startup.o
 *(.data .data.*)
 .data.argv.4290
                0x20000004        0x8 ./system/src/newlib/_syscalls.o
 .data.AHBPrescTable
                0x2000000c       0x10 ./system/src/cmsis/system_stm32f10x.o
                0x2000000c                AHBPrescTable
 .data.SystemCoreClock
                0x2000001c        0x4 ./system/src/cmsis/system_stm32f10x.o
                0x2000001c                SystemCoreClock
 .data.impure_data
                0x20000020       0x60 h:/tourkey course/tools/arm_training/arm tools iti/arm gcc/bin/../lib/gcc/arm-none-eabi/5.4.1/../../../../arm-none-eabi/lib/armv7-m\libg_nano.a(lib_a-impure.o)
 .data._impure_ptr
                0x20000080        0x4 h:/tourkey course/tools/arm_training/arm tools iti/arm gcc/bin/../lib/gcc/arm-none-eabi/5.4.1/../../../../arm-none-eabi/lib/armv7-m\libg_nano.a(lib_a-impure.o)
                0x20000080                _impure_ptr
 *(.data_end .data_end.*)
 .data_end      0x20000084        0x4 ./system/src/newlib/_startup.o
                0x20000088                . = ALIGN (0x4)
                0x20000088                _edata = .
                0x20000088                __data_end__ = .

.igot.plt       0x20000088        0x0 load address 0x080048bc
 .igot.plt      0x20000088        0x0 ./system/src/stm32f1-stdperiph/misc.o

.bss_CCMRAM     0x00000000        0x0
 *(.bss.CCMRAM .bss.CCMRAM.*)

.bss            0x20000088       0x9c
                0x20000088                __bss_start__ = .
                0x20000088                _sbss = .
 *(.bss_begin .bss_begin.*)
 .bss_begin     0x20000088        0x4 ./system/src/newlib/_startup.o
 *(.bss .bss.*)
 .bss.current_heap_end.3974
                0x2000008c        0x4 ./system/src/newlib/_sbrk.o
 .bss.name.4289
                0x20000090        0x1 ./system/src/newlib/_syscalls.o
 *fill*         0x20000091        0x3 
 .bss.buf.5179  0x20000094       0x80 ./system/src/diag/Trace.o
 .bss.__malloc_sbrk_start
                0x20000114        0x4 h:/tourkey course/tools/arm_training/arm tools iti/arm gcc/bin/../lib/gcc/arm-none-eabi/5.4.1/../../../../arm-none-eabi/lib/armv7-m\libg_nano.a(lib_a-nano-mallocr.o)
                0x20000114                __malloc_sbrk_start
 .bss.__malloc_free_list
                0x20000118        0x4 h:/tourkey course/tools/arm_training/arm tools iti/arm gcc/bin/../lib/gcc/arm-none-eabi/5.4.1/../../../../arm-none-eabi/lib/armv7-m\libg_nano.a(lib_a-nano-mallocr.o)
                0x20000118                __malloc_free_list
 *(COMMON)
 COMMON         0x2000011c        0x4 ./system/src/newlib/_syscalls.o
                0x2000011c                errno
 *(.bss_end .bss_end.*)
 .bss_end       0x20000120        0x4 ./system/src/newlib/_startup.o
                0x20000124                . = ALIGN (0x4)
                0x20000124                __bss_end__ = .
                0x20000124                _ebss = .

.noinit_CCMRAM
 *(.noinit.CCMRAM .noinit.CCMRAM.*)

.noinit         0x20000124        0x0
                0x20000124                _noinit = .
 *(.noinit .noinit.*)
                0x20000124                . = ALIGN (0x4)
                0x20000124                _end_noinit = .
                [!provide]                PROVIDE (end, _end_noinit)
                [!provide]                PROVIDE (_end, _end_noinit)
                [!provide]                PROVIDE (__end, _end_noinit)
                [!provide]                PROVIDE (__end__, _end_noinit)

._check_stack   0x20000124      0x100
                0x20000224                . = (. + _Minimum_Stack_Size)
 *fill*         0x20000124      0x100 

.b1text
 *(.b1text)
 *(.b1rodata)
 *(.b1rodata.*)

.eb0text
 *(.eb0text)
 *(.eb0rodata)
 *(.eb0rodata.*)

.eb1text
 *(.eb1text)
 *(.eb1rodata)
 *(.eb1rodata.*)

.eb2text
 *(.eb2text)
 *(.eb2rodata)
 *(.eb2rodata.*)

.eb3text
 *(.eb3text)
 *(.eb3rodata)
 *(.eb3rodata.*)

.stab
 *(.stab)

.stabstr
 *(.stabstr)

.stab.excl
 *(.stab.excl)

.stab.exclstr
 *(.stab.exclstr)

.stab.index
 *(.stab.index)

.stab.indexstr
 *(.stab.indexstr)

.comment        0x00000000       0x6e
 *(.comment)
 .comment       0x00000000       0x6e ./system/src/newlib/_exit.o
                                 0x6f (size before relaxing)
 .comment       0x0000006e       0x6f ./system/src/newlib/_sbrk.o
 .comment       0x0000006e       0x6f ./system/src/newlib/_startup.o
 .comment       0x0000006e       0x6f ./system/src/newlib/_syscalls.o
 .comment       0x0000006e       0x6f ./system/src/diag/Trace.o
 .comment       0x0000006e       0x6f ./system/src/diag/trace_impl.o
 .comment       0x0000006e       0x6f ./system/src/cortexm/_initialize_hardware.o
 .comment       0x0000006e       0x6f ./system/src/cortexm/exception_handlers.o
 .comment       0x0000006e       0x6f ./system/src/cmsis/system_stm32f10x.o
 .comment       0x0000006e       0x6f ./system/src/cmsis/vectors_stm32f10x.o
 .comment       0x0000006e       0x6f ./src/RCC/RCC_program.o
 .comment       0x0000006e       0x6f ./src/LIB/DELAY.o
 .comment       0x0000006e       0x6f ./src/GPIO/GPIO_program.o
 .comment       0x0000006e       0x6f ./src/main.o

.ARM.attributes
                0x00000000       0x31
 .ARM.attributes
                0x00000000       0x33 ./system/src/newlib/_exit.o
 .ARM.attributes
                0x00000033       0x33 ./system/src/newlib/_sbrk.o
 .ARM.attributes
                0x00000066       0x33 ./system/src/newlib/_startup.o
 .ARM.attributes
                0x00000099       0x33 ./system/src/newlib/_syscalls.o
 .ARM.attributes
                0x000000cc       0x33 ./system/src/diag/Trace.o
 .ARM.attributes
                0x000000ff       0x33 ./system/src/diag/trace_impl.o
 .ARM.attributes
                0x00000132       0x33 ./system/src/cortexm/_initialize_hardware.o
 .ARM.attributes
                0x00000165       0x33 ./system/src/cortexm/exception_handlers.o
 .ARM.attributes
                0x00000198       0x33 ./system/src/cmsis/system_stm32f10x.o
 .ARM.attributes
                0x000001cb       0x33 ./system/src/cmsis/vectors_stm32f10x.o
 .ARM.attributes
                0x000001fe       0x33 ./src/RCC/RCC_program.o
 .ARM.attributes
                0x00000231       0x33 ./src/LIB/DELAY.o
 .ARM.attributes
                0x00000264       0x33 ./src/GPIO/GPIO_program.o
 .ARM.attributes
                0x00000297       0x33 ./src/main.o
 .ARM.attributes
                0x000002ca       0x1d h:/tourkey course/tools/arm_training/arm tools iti/arm gcc/bin/../lib/gcc/arm-none-eabi/5.4.1/armv7-m\libgcc.a(_arm_addsubsf3.o)
 .ARM.attributes
                0x000002e7       0x1d h:/tourkey course/tools/arm_training/arm tools iti/arm gcc/bin/../lib/gcc/arm-none-eabi/5.4.1/armv7-m\libgcc.a(_arm_muldivsf3.o)
 .ARM.attributes
                0x00000304       0x1d h:/tourkey course/tools/arm_training/arm tools iti/arm gcc/bin/../lib/gcc/arm-none-eabi/5.4.1/armv7-m\libgcc.a(_arm_fixunssfsi.o)
 .ARM.attributes
                0x00000321       0x2d h:/tourkey course/tools/arm_training/arm tools iti/arm gcc/bin/../lib/gcc/arm-none-eabi/5.4.1/../../../../arm-none-eabi/lib/armv7-m\libg_nano.a(lib_a-errno.o)
 .ARM.attributes
                0x0000034e       0x2d h:/tourkey course/tools/arm_training/arm tools iti/arm gcc/bin/../lib/gcc/arm-none-eabi/5.4.1/../../../../arm-none-eabi/lib/armv7-m\libg_nano.a(lib_a-impure.o)
 .ARM.attributes
                0x0000037b       0x2d h:/tourkey course/tools/arm_training/arm tools iti/arm gcc/bin/../lib/gcc/arm-none-eabi/5.4.1/../../../../arm-none-eabi/lib/armv7-m\libg_nano.a(lib_a-vsnprintf.o)
 .ARM.attributes
                0x000003a8       0x2d h:/tourkey course/tools/arm_training/arm tools iti/arm gcc/bin/../lib/gcc/arm-none-eabi/5.4.1/../../../../arm-none-eabi/lib/armv7-m\libg_nano.a(lib_a-nano-svfprintf.o)
 .ARM.attributes
                0x000003d5       0x2d h:/tourkey course/tools/arm_training/arm tools iti/arm gcc/bin/../lib/gcc/arm-none-eabi/5.4.1/../../../../arm-none-eabi/lib/armv7-m\libg_nano.a(lib_a-nano-vfprintf_i.o)
 .ARM.attributes
                0x00000402       0x2d h:/tourkey course/tools/arm_training/arm tools iti/arm gcc/bin/../lib/gcc/arm-none-eabi/5.4.1/../../../../arm-none-eabi/lib/armv7-m\libg_nano.a(lib_a-memchr-stub.o)
 .ARM.attributes
                0x0000042f       0x2d h:/tourkey course/tools/arm_training/arm tools iti/arm gcc/bin/../lib/gcc/arm-none-eabi/5.4.1/../../../../arm-none-eabi/lib/armv7-m\libg_nano.a(lib_a-memcpy-stub.o)
 .ARM.attributes
                0x0000045c       0x2d h:/tourkey course/tools/arm_training/arm tools iti/arm gcc/bin/../lib/gcc/arm-none-eabi/5.4.1/../../../../arm-none-eabi/lib/armv7-m\libg_nano.a(lib_a-memmove.o)
 .ARM.attributes
                0x00000489       0x2d h:/tourkey course/tools/arm_training/arm tools iti/arm gcc/bin/../lib/gcc/arm-none-eabi/5.4.1/../../../../arm-none-eabi/lib/armv7-m\libg_nano.a(lib_a-nano-freer.o)
 .ARM.attributes
                0x000004b6       0x2d h:/tourkey course/tools/arm_training/arm tools iti/arm gcc/bin/../lib/gcc/arm-none-eabi/5.4.1/../../../../arm-none-eabi/lib/armv7-m\libg_nano.a(lib_a-nano-mallocr.o)
 .ARM.attributes
                0x000004e3       0x2d h:/tourkey course/tools/arm_training/arm tools iti/arm gcc/bin/../lib/gcc/arm-none-eabi/5.4.1/../../../../arm-none-eabi/lib/armv7-m\libg_nano.a(lib_a-nano-reallocr.o)
 .ARM.attributes
                0x00000510       0x2d h:/tourkey course/tools/arm_training/arm tools iti/arm gcc/bin/../lib/gcc/arm-none-eabi/5.4.1/../../../../arm-none-eabi/lib/armv7-m\libg_nano.a(lib_a-sbrkr.o)
 .ARM.attributes
                0x0000053d       0x2d h:/tourkey course/tools/arm_training/arm tools iti/arm gcc/bin/../lib/gcc/arm-none-eabi/5.4.1/../../../../arm-none-eabi/lib/armv7-m\libg_nano.a(lib_a-mlock.o)
 .ARM.attributes
                0x0000056a       0x2d h:/tourkey course/tools/arm_training/arm tools iti/arm gcc/bin/../lib/gcc/arm-none-eabi/5.4.1/../../../../arm-none-eabi/lib/armv7-m\libg_nano.a(lib_a-nano-msizer.o)

.debug
 *(.debug)

.line
 *(.line)

.debug_srcinfo
 *(.debug_srcinfo)

.debug_sfnames
 *(.debug_sfnames)

.debug_aranges  0x00000000      0x350
 *(.debug_aranges)
 .debug_aranges
                0x00000000       0x28 ./system/src/newlib/_exit.o
 .debug_aranges
                0x00000028       0x20 ./system/src/newlib/_sbrk.o
 .debug_aranges
                0x00000048       0x40 ./system/src/newlib/_startup.o
 .debug_aranges
                0x00000088       0x30 ./system/src/newlib/_syscalls.o
 .debug_aranges
                0x000000b8       0x38 ./system/src/diag/Trace.o
 .debug_aranges
                0x000000f0       0x30 ./system/src/diag/trace_impl.o
 .debug_aranges
                0x00000120       0x28 ./system/src/cortexm/_initialize_hardware.o
 .debug_aranges
                0x00000148       0x90 ./system/src/cortexm/exception_handlers.o
 .debug_aranges
                0x000001d8       0x38 ./system/src/cmsis/system_stm32f10x.o
 .debug_aranges
                0x00000210       0x20 ./system/src/cmsis/vectors_stm32f10x.o
 .debug_aranges
                0x00000230       0x88 ./src/RCC/RCC_program.o
 .debug_aranges
                0x000002b8       0x20 ./src/LIB/DELAY.o
 .debug_aranges
                0x000002d8       0x58 ./src/GPIO/GPIO_program.o
 .debug_aranges
                0x00000330       0x20 ./src/main.o

.debug_pubnames
 *(.debug_pubnames)

.debug_info     0x00000000     0x2b07
 *(.debug_info .gnu.linkonce.wi.*)
 .debug_info    0x00000000       0xef ./system/src/newlib/_exit.o
 .debug_info    0x000000ef      0x11f ./system/src/newlib/_sbrk.o
 .debug_info    0x0000020e      0x455 ./system/src/newlib/_startup.o
 .debug_info    0x00000663      0x1c7 ./system/src/newlib/_syscalls.o
 .debug_info    0x0000082a      0x2e7 ./system/src/diag/Trace.o
 .debug_info    0x00000b11      0x30b ./system/src/diag/trace_impl.o
 .debug_info    0x00000e1c      0x2a6 ./system/src/cortexm/_initialize_hardware.o
 .debug_info    0x000010c2      0x8da ./system/src/cortexm/exception_handlers.o
 .debug_info    0x0000199c      0x497 ./system/src/cmsis/system_stm32f10x.o
 .debug_info    0x00001e33       0xd1 ./system/src/cmsis/vectors_stm32f10x.o
 .debug_info    0x00001f04      0x56e ./src/RCC/RCC_program.o
 .debug_info    0x00002472       0xaf ./src/LIB/DELAY.o
 .debug_info    0x00002521      0x473 ./src/GPIO/GPIO_program.o
 .debug_info    0x00002994      0x173 ./src/main.o

.debug_abbrev   0x00000000      0xf9d
 *(.debug_abbrev)
 .debug_abbrev  0x00000000       0x8e ./system/src/newlib/_exit.o
 .debug_abbrev  0x0000008e       0xb9 ./system/src/newlib/_sbrk.o
 .debug_abbrev  0x00000147      0x1ac ./system/src/newlib/_startup.o
 .debug_abbrev  0x000002f3       0xec ./system/src/newlib/_syscalls.o
 .debug_abbrev  0x000003df      0x156 ./system/src/diag/Trace.o
 .debug_abbrev  0x00000535      0x1c8 ./system/src/diag/trace_impl.o
 .debug_abbrev  0x000006fd       0xd9 ./system/src/cortexm/_initialize_hardware.o
 .debug_abbrev  0x000007d6      0x247 ./system/src/cortexm/exception_handlers.o
 .debug_abbrev  0x00000a1d      0x159 ./system/src/cmsis/system_stm32f10x.o
 .debug_abbrev  0x00000b76       0x9d ./system/src/cmsis/vectors_stm32f10x.o
 .debug_abbrev  0x00000c13      0x134 ./src/RCC/RCC_program.o
 .debug_abbrev  0x00000d47       0x74 ./src/LIB/DELAY.o
 .debug_abbrev  0x00000dbb      0x163 ./src/GPIO/GPIO_program.o
 .debug_abbrev  0x00000f1e       0x7f ./src/main.o

.debug_line     0x00000000     0x2d29
 *(.debug_line)
 .debug_line    0x00000000      0x345 ./system/src/newlib/_exit.o
 .debug_line    0x00000345      0x2f6 ./system/src/newlib/_sbrk.o
 .debug_line    0x0000063b      0x3ac ./system/src/newlib/_startup.o
 .debug_line    0x000009e7      0x413 ./system/src/newlib/_syscalls.o
 .debug_line    0x00000dfa      0x3b3 ./system/src/diag/Trace.o
 .debug_line    0x000011ad      0x62b ./system/src/diag/trace_impl.o
 .debug_line    0x000017d8      0x375 ./system/src/cortexm/_initialize_hardware.o
 .debug_line    0x00001b4d      0x6d4 ./system/src/cortexm/exception_handlers.o
 .debug_line    0x00002221      0x3d5 ./system/src/cmsis/system_stm32f10x.o
 .debug_line    0x000025f6      0x105 ./system/src/cmsis/vectors_stm32f10x.o
 .debug_line    0x000026fb      0x272 ./src/RCC/RCC_program.o
 .debug_line    0x0000296d       0x65 ./src/LIB/DELAY.o
 .debug_line    0x000029d2      0x257 ./src/GPIO/GPIO_program.o
 .debug_line    0x00002c29      0x100 ./src/main.o

.debug_frame    0x00000000      0x92c
 *(.debug_frame)
 .debug_frame   0x00000000       0x38 ./system/src/newlib/_exit.o
 .debug_frame   0x00000038       0x28 ./system/src/newlib/_sbrk.o
 .debug_frame   0x00000060       0x7c ./system/src/newlib/_startup.o
 .debug_frame   0x000000dc       0x50 ./system/src/newlib/_syscalls.o
 .debug_frame   0x0000012c       0x94 ./system/src/diag/Trace.o
 .debug_frame   0x000001c0       0x60 ./system/src/diag/trace_impl.o
 .debug_frame   0x00000220       0x40 ./system/src/cortexm/_initialize_hardware.o
 .debug_frame   0x00000260      0x158 ./system/src/cortexm/exception_handlers.o
 .debug_frame   0x000003b8       0x68 ./system/src/cmsis/system_stm32f10x.o
 .debug_frame   0x00000420       0x20 ./system/src/cmsis/vectors_stm32f10x.o
 .debug_frame   0x00000440       0xf0 ./src/RCC/RCC_program.o
 .debug_frame   0x00000530       0x28 ./src/LIB/DELAY.o
 .debug_frame   0x00000558       0xc0 ./src/GPIO/GPIO_program.o
 .debug_frame   0x00000618       0x28 ./src/main.o
 .debug_frame   0x00000640       0x20 h:/tourkey course/tools/arm_training/arm tools iti/arm gcc/bin/../lib/gcc/arm-none-eabi/5.4.1/../../../../arm-none-eabi/lib/armv7-m\libg_nano.a(lib_a-errno.o)
 .debug_frame   0x00000660       0x48 h:/tourkey course/tools/arm_training/arm tools iti/arm gcc/bin/../lib/gcc/arm-none-eabi/5.4.1/../../../../arm-none-eabi/lib/armv7-m\libg_nano.a(lib_a-vsnprintf.o)
 .debug_frame   0x000006a8       0x90 h:/tourkey course/tools/arm_training/arm tools iti/arm gcc/bin/../lib/gcc/arm-none-eabi/5.4.1/../../../../arm-none-eabi/lib/armv7-m\libg_nano.a(lib_a-nano-svfprintf.o)
 .debug_frame   0x00000738       0x60 h:/tourkey course/tools/arm_training/arm tools iti/arm gcc/bin/../lib/gcc/arm-none-eabi/5.4.1/../../../../arm-none-eabi/lib/armv7-m\libg_nano.a(lib_a-nano-vfprintf_i.o)
 .debug_frame   0x00000798       0x28 h:/tourkey course/tools/arm_training/arm tools iti/arm gcc/bin/../lib/gcc/arm-none-eabi/5.4.1/../../../../arm-none-eabi/lib/armv7-m\libg_nano.a(lib_a-memchr-stub.o)
 .debug_frame   0x000007c0       0x28 h:/tourkey course/tools/arm_training/arm tools iti/arm gcc/bin/../lib/gcc/arm-none-eabi/5.4.1/../../../../arm-none-eabi/lib/armv7-m\libg_nano.a(lib_a-memcpy-stub.o)
 .debug_frame   0x000007e8       0x28 h:/tourkey course/tools/arm_training/arm tools iti/arm gcc/bin/../lib/gcc/arm-none-eabi/5.4.1/../../../../arm-none-eabi/lib/armv7-m\libg_nano.a(lib_a-memmove.o)
 .debug_frame   0x00000810       0x38 h:/tourkey course/tools/arm_training/arm tools iti/arm gcc/bin/../lib/gcc/arm-none-eabi/5.4.1/../../../../arm-none-eabi/lib/armv7-m\libg_nano.a(lib_a-nano-freer.o)
 .debug_frame   0x00000848       0x2c h:/tourkey course/tools/arm_training/arm tools iti/arm gcc/bin/../lib/gcc/arm-none-eabi/5.4.1/../../../../arm-none-eabi/lib/armv7-m\libg_nano.a(lib_a-nano-mallocr.o)
 .debug_frame   0x00000874       0x3c h:/tourkey course/tools/arm_training/arm tools iti/arm gcc/bin/../lib/gcc/arm-none-eabi/5.4.1/../../../../arm-none-eabi/lib/armv7-m\libg_nano.a(lib_a-nano-reallocr.o)
 .debug_frame   0x000008b0       0x2c h:/tourkey course/tools/arm_training/arm tools iti/arm gcc/bin/../lib/gcc/arm-none-eabi/5.4.1/../../../../arm-none-eabi/lib/armv7-m\libg_nano.a(lib_a-sbrkr.o)
 .debug_frame   0x000008dc       0x30 h:/tourkey course/tools/arm_training/arm tools iti/arm gcc/bin/../lib/gcc/arm-none-eabi/5.4.1/../../../../arm-none-eabi/lib/armv7-m\libg_nano.a(lib_a-mlock.o)
 .debug_frame   0x0000090c       0x20 h:/tourkey course/tools/arm_training/arm tools iti/arm gcc/bin/../lib/gcc/arm-none-eabi/5.4.1/../../../../arm-none-eabi/lib/armv7-m\libg_nano.a(lib_a-nano-msizer.o)

.debug_str      0x00000000    0x567d1
 *(.debug_str)
 .debug_str     0x00000000     0x6d1f ./system/src/newlib/_exit.o
                               0x6e91 (size before relaxing)
 .debug_str     0x00006d1f      0x4de ./system/src/newlib/_sbrk.o
                               0x627c (size before relaxing)
 .debug_str     0x000071fd      0xbc3 ./system/src/newlib/_startup.o
                               0x5e31 (size before relaxing)
 .debug_str     0x00007dc0      0xe18 ./system/src/newlib/_syscalls.o
                               0x70dc (size before relaxing)
 .debug_str     0x00008bd8      0x890 ./system/src/diag/Trace.o
                               0x7681 (size before relaxing)
 .debug_str     0x00009468    0x4b2af ./system/src/diag/trace_impl.o
                              0x51e43 (size before relaxing)
 .debug_str     0x00054717       0xb4 ./system/src/cortexm/_initialize_hardware.o
                              0x4dfed (size before relaxing)
 .debug_str     0x000547cb      0x1a6 ./system/src/cortexm/exception_handlers.o
                              0x52c05 (size before relaxing)
 .debug_str     0x00054971       0xeb ./system/src/cmsis/system_stm32f10x.o
                              0x4e0a7 (size before relaxing)
 .debug_str     0x00054a5c       0x57 ./system/src/cmsis/vectors_stm32f10x.o
                               0x304c (size before relaxing)
 .debug_str     0x00054ab3     0x16b8 ./src/RCC/RCC_program.o
                               0x3c1d (size before relaxing)
 .debug_str     0x0005616b       0x38 ./src/LIB/DELAY.o
                               0x25d6 (size before relaxing)
 .debug_str     0x000561a3      0x615 ./src/GPIO/GPIO_program.o
                               0x2bbf (size before relaxing)
 .debug_str     0x000567b8       0x19 ./src/main.o
                               0x3bf8 (size before relaxing)

.debug_loc      0x00000000     0x178a
 *(.debug_loc)
 .debug_loc     0x00000000       0x82 ./system/src/newlib/_sbrk.o
 .debug_loc     0x00000082      0x265 ./system/src/newlib/_startup.o
 .debug_loc     0x000002e7       0x63 ./system/src/newlib/_syscalls.o
 .debug_loc     0x0000034a      0x102 ./system/src/diag/Trace.o
 .debug_loc     0x0000044c      0x17c ./system/src/diag/trace_impl.o
 .debug_loc     0x000005c8      0x2a8 ./system/src/cortexm/exception_handlers.o
 .debug_loc     0x00000870       0xdf ./system/src/cmsis/system_stm32f10x.o
 .debug_loc     0x0000094f      0x587 ./src/RCC/RCC_program.o
 .debug_loc     0x00000ed6       0x40 ./src/LIB/DELAY.o
 .debug_loc     0x00000f16      0x874 ./src/GPIO/GPIO_program.o

.debug_macinfo
 *(.debug_macinfo)

.debug_weaknames
 *(.debug_weaknames)

.debug_funcnames
 *(.debug_funcnames)

.debug_typenames
 *(.debug_typenames)

.debug_varnames
 *(.debug_varnames)
OUTPUT(Main_APP.elf elf32-littlearm)

.debug_ranges   0x00000000      0x2e8
 .debug_ranges  0x00000000       0x18 ./system/src/newlib/_exit.o
 .debug_ranges  0x00000018       0x10 ./system/src/newlib/_sbrk.o
 .debug_ranges  0x00000028       0x48 ./system/src/newlib/_startup.o
 .debug_ranges  0x00000070       0x20 ./system/src/newlib/_syscalls.o
 .debug_ranges  0x00000090       0x28 ./system/src/diag/Trace.o
 .debug_ranges  0x000000b8       0x38 ./system/src/diag/trace_impl.o
 .debug_ranges  0x000000f0       0x18 ./system/src/cortexm/_initialize_hardware.o
 .debug_ranges  0x00000108       0x98 ./system/src/cortexm/exception_handlers.o
 .debug_ranges  0x000001a0       0x28 ./system/src/cmsis/system_stm32f10x.o
 .debug_ranges  0x000001c8       0x10 ./system/src/cmsis/vectors_stm32f10x.o
 .debug_ranges  0x000001d8       0x78 ./src/RCC/RCC_program.o
 .debug_ranges  0x00000250       0x10 ./src/LIB/DELAY.o
 .debug_ranges  0x00000260       0x78 ./src/GPIO/GPIO_program.o
 .debug_ranges  0x000002d8       0x10 ./src/main.o

.debug_macro    0x00000000     0x2b36
 .debug_macro   0x00000000      0x19c ./system/src/newlib/_exit.o
 .debug_macro   0x0000019c       0x9c ./system/src/newlib/_exit.o
 .debug_macro   0x00000238      0x10e ./system/src/newlib/_exit.o
 .debug_macro   0x00000346       0x8d ./system/src/newlib/_exit.o
 .debug_macro   0x000003d3       0x43 ./system/src/newlib/_exit.o
 .debug_macro   0x00000416      0x30d ./system/src/newlib/_exit.o
 .debug_macro   0x00000723       0x35 ./system/src/newlib/_exit.o
 .debug_macro   0x00000758      0x151 ./system/src/newlib/_sbrk.o
 .debug_macro   0x000008a9      0x174 ./system/src/newlib/_sbrk.o
 .debug_macro   0x00000a1d       0x10 ./system/src/newlib/_sbrk.o
 .debug_macro   0x00000a2d      0x23b ./system/src/newlib/_sbrk.o
 .debug_macro   0x00000c68      0x15b ./system/src/newlib/_startup.o
 .debug_macro   0x00000dc3      0x1ff ./system/src/newlib/_syscalls.o
 .debug_macro   0x00000fc2       0x1c ./system/src/newlib/_syscalls.o
 .debug_macro   0x00000fde       0x10 ./system/src/newlib/_syscalls.o
 .debug_macro   0x00000fee       0x10 ./system/src/newlib/_syscalls.o
 .debug_macro   0x00000ffe       0x10 ./system/src/newlib/_syscalls.o
 .debug_macro   0x0000100e       0x35 ./system/src/newlib/_syscalls.o
 .debug_macro   0x00001043      0x122 ./system/src/newlib/_syscalls.o
 .debug_macro   0x00001165       0x88 ./system/src/newlib/_syscalls.o
 .debug_macro   0x000011ed       0x2b ./system/src/newlib/_syscalls.o
 .debug_macro   0x00001218      0x118 ./system/src/newlib/_syscalls.o
 .debug_macro   0x00001330      0x159 ./system/src/newlib/_syscalls.o
 .debug_macro   0x00001489       0x16 ./system/src/newlib/_syscalls.o
 .debug_macro   0x0000149f      0x1d9 ./system/src/diag/Trace.o
 .debug_macro   0x00001678       0x16 ./system/src/diag/Trace.o
 .debug_macro   0x0000168e       0x97 ./system/src/diag/Trace.o
 .debug_macro   0x00001725       0xfd ./system/src/diag/Trace.o
 .debug_macro   0x00001822       0x10 ./system/src/diag/Trace.o
 .debug_macro   0x00001832       0x16 ./system/src/diag/Trace.o
 .debug_macro   0x00001848      0x18b ./system/src/diag/Trace.o
 .debug_macro   0x000019d3       0x4c ./system/src/diag/Trace.o
 .debug_macro   0x00001a1f       0x16 ./system/src/diag/Trace.o
 .debug_macro   0x00001a35      0x2c2 ./system/src/diag/trace_impl.o
 .debug_macro   0x00001cf7       0x10 ./system/src/diag/trace_impl.o
 .debug_macro   0x00001d07       0xcf ./system/src/diag/trace_impl.o
 .debug_macro   0x00001dd6       0xbe ./system/src/diag/trace_impl.o
 .debug_macro   0x00001e94       0x22 ./system/src/diag/trace_impl.o
 .debug_macro   0x00001eb6      0x16b ./system/src/cortexm/_initialize_hardware.o
 .debug_macro   0x00002021      0x302 ./system/src/cortexm/exception_handlers.o
 .debug_macro   0x00002323       0x3b ./system/src/cortexm/exception_handlers.o
 .debug_macro   0x0000235e       0x10 ./system/src/cortexm/exception_handlers.o
 .debug_macro   0x0000236e      0x16e ./system/src/cmsis/system_stm32f10x.o
 .debug_macro   0x000024dc       0x34 ./system/src/cmsis/vectors_stm32f10x.o
 .debug_macro   0x00002510       0x89 ./src/RCC/RCC_program.o
 .debug_macro   0x00002599       0x16 ./src/RCC/RCC_program.o
 .debug_macro   0x000025af      0x39c ./src/RCC/RCC_program.o
 .debug_macro   0x0000294b       0x26 ./src/LIB/DELAY.o
 .debug_macro   0x00002971       0x3b ./src/GPIO/GPIO_program.o
 .debug_macro   0x000029ac      0x154 ./src/GPIO/GPIO_program.o
 .debug_macro   0x00002b00       0x36 ./src/main.o
