Archive member included to satisfy reference by file (symbol)

g:/iti/tourky/arm_training/arm tools iti/arm gcc/bin/../lib/gcc/arm-none-eabi/5.4.1/armv7-m\libgcc.a(_arm_addsubsf3.o)
                              ./src/Libraries/ARM_Delay/DELAY.o (__aeabi_fsub)
g:/iti/tourky/arm_training/arm tools iti/arm gcc/bin/../lib/gcc/arm-none-eabi/5.4.1/armv7-m\libgcc.a(_arm_muldivsf3.o)
                              ./src/Libraries/ARM_Delay/DELAY.o (__aeabi_fdiv)
g:/iti/tourky/arm_training/arm tools iti/arm gcc/bin/../lib/gcc/arm-none-eabi/5.4.1/armv7-m\libgcc.a(_arm_fixunssfsi.o)
                              ./src/Libraries/ARM_Delay/DELAY.o (__aeabi_f2uiz)
g:/iti/tourky/arm_training/arm tools iti/arm gcc/bin/../lib/gcc/arm-none-eabi/5.4.1/../../../../arm-none-eabi/lib/armv7-m\libg_nano.a(lib_a-errno.o)
                              ./system/src/newlib/_sbrk.o (__errno)
g:/iti/tourky/arm_training/arm tools iti/arm gcc/bin/../lib/gcc/arm-none-eabi/5.4.1/../../../../arm-none-eabi/lib/armv7-m\libg_nano.a(lib_a-impure.o)
                              g:/iti/tourky/arm_training/arm tools iti/arm gcc/bin/../lib/gcc/arm-none-eabi/5.4.1/../../../../arm-none-eabi/lib/armv7-m\libg_nano.a(lib_a-errno.o) (_impure_ptr)
g:/iti/tourky/arm_training/arm tools iti/arm gcc/bin/../lib/gcc/arm-none-eabi/5.4.1/../../../../arm-none-eabi/lib/armv7-m\libg_nano.a(lib_a-strlen.o)
                              ./system/src/diag/Trace.o (strlen)
g:/iti/tourky/arm_training/arm tools iti/arm gcc/bin/../lib/gcc/arm-none-eabi/5.4.1/../../../../arm-none-eabi/lib/armv7-m\libg_nano.a(lib_a-vsnprintf.o)
                              ./system/src/diag/Trace.o (vsnprintf)
g:/iti/tourky/arm_training/arm tools iti/arm gcc/bin/../lib/gcc/arm-none-eabi/5.4.1/../../../../arm-none-eabi/lib/armv7-m\libg_nano.a(lib_a-nano-svfprintf.o)
                              g:/iti/tourky/arm_training/arm tools iti/arm gcc/bin/../lib/gcc/arm-none-eabi/5.4.1/../../../../arm-none-eabi/lib/armv7-m\libg_nano.a(lib_a-vsnprintf.o) (_svfprintf_r)
g:/iti/tourky/arm_training/arm tools iti/arm gcc/bin/../lib/gcc/arm-none-eabi/5.4.1/../../../../arm-none-eabi/lib/armv7-m\libg_nano.a(lib_a-nano-vfprintf_i.o)
                              g:/iti/tourky/arm_training/arm tools iti/arm gcc/bin/../lib/gcc/arm-none-eabi/5.4.1/../../../../arm-none-eabi/lib/armv7-m\libg_nano.a(lib_a-nano-svfprintf.o) (_printf_i)
g:/iti/tourky/arm_training/arm tools iti/arm gcc/bin/../lib/gcc/arm-none-eabi/5.4.1/../../../../arm-none-eabi/lib/armv7-m\libg_nano.a(lib_a-memchr-stub.o)
                              g:/iti/tourky/arm_training/arm tools iti/arm gcc/bin/../lib/gcc/arm-none-eabi/5.4.1/../../../../arm-none-eabi/lib/armv7-m\libg_nano.a(lib_a-nano-svfprintf.o) (memchr)
g:/iti/tourky/arm_training/arm tools iti/arm gcc/bin/../lib/gcc/arm-none-eabi/5.4.1/../../../../arm-none-eabi/lib/armv7-m\libg_nano.a(lib_a-memcpy-stub.o)
                              g:/iti/tourky/arm_training/arm tools iti/arm gcc/bin/../lib/gcc/arm-none-eabi/5.4.1/../../../../arm-none-eabi/lib/armv7-m\libg_nano.a(lib_a-nano-svfprintf.o) (memcpy)
g:/iti/tourky/arm_training/arm tools iti/arm gcc/bin/../lib/gcc/arm-none-eabi/5.4.1/../../../../arm-none-eabi/lib/armv7-m\libg_nano.a(lib_a-memmove.o)
                              g:/iti/tourky/arm_training/arm tools iti/arm gcc/bin/../lib/gcc/arm-none-eabi/5.4.1/../../../../arm-none-eabi/lib/armv7-m\libg_nano.a(lib_a-nano-svfprintf.o) (memmove)
g:/iti/tourky/arm_training/arm tools iti/arm gcc/bin/../lib/gcc/arm-none-eabi/5.4.1/../../../../arm-none-eabi/lib/armv7-m\libg_nano.a(lib_a-nano-freer.o)
                              g:/iti/tourky/arm_training/arm tools iti/arm gcc/bin/../lib/gcc/arm-none-eabi/5.4.1/../../../../arm-none-eabi/lib/armv7-m\libg_nano.a(lib_a-nano-svfprintf.o) (_free_r)
g:/iti/tourky/arm_training/arm tools iti/arm gcc/bin/../lib/gcc/arm-none-eabi/5.4.1/../../../../arm-none-eabi/lib/armv7-m\libg_nano.a(lib_a-nano-mallocr.o)
                              g:/iti/tourky/arm_training/arm tools iti/arm gcc/bin/../lib/gcc/arm-none-eabi/5.4.1/../../../../arm-none-eabi/lib/armv7-m\libg_nano.a(lib_a-nano-svfprintf.o) (_malloc_r)
g:/iti/tourky/arm_training/arm tools iti/arm gcc/bin/../lib/gcc/arm-none-eabi/5.4.1/../../../../arm-none-eabi/lib/armv7-m\libg_nano.a(lib_a-nano-reallocr.o)
                              g:/iti/tourky/arm_training/arm tools iti/arm gcc/bin/../lib/gcc/arm-none-eabi/5.4.1/../../../../arm-none-eabi/lib/armv7-m\libg_nano.a(lib_a-nano-svfprintf.o) (_realloc_r)
g:/iti/tourky/arm_training/arm tools iti/arm gcc/bin/../lib/gcc/arm-none-eabi/5.4.1/../../../../arm-none-eabi/lib/armv7-m\libg_nano.a(lib_a-sbrkr.o)
                              g:/iti/tourky/arm_training/arm tools iti/arm gcc/bin/../lib/gcc/arm-none-eabi/5.4.1/../../../../arm-none-eabi/lib/armv7-m\libg_nano.a(lib_a-nano-mallocr.o) (_sbrk_r)
[...]
Memory Configuration

Name             Origin             Length             Attributes
RAM              0x20000000         0x00005000         xrw
CCMRAM           0x00000000         0x00000000         xrw
FLASH            0x08000000         0x00002400         xr
FLASHB1          0x00000000         0x00000000         xr
EXTMEMB0         0x00000000         0x00000000         xr
EXTMEMB1         0x00000000         0x00000000         xr
EXTMEMB2         0x00000000         0x00000000         xr
EXTMEMB3         0x00000000         0x00000000         xr
MEMORY_ARRAY     0x00000000         0x00000000         xrw
*default*        0x00000000         0xffffffff

Linker script and memory map

LOAD ./system/src/stm32f1-stdperiph/misc.o
LOAD ./system/src/stm32f1-stdperiph/stm32f10x_gpio.o
LOAD ./system/src/stm32f1-stdperiph/stm32f10x_rcc.o
LOAD ./system/src/newlib/_cxx.o
LOAD ./system/src/newlib/_exit.o
LOAD ./system/src/newlib/_sbrk.o
LOAD ./system/src/newlib/_startup.o
LOAD ./system/src/newlib/_syscalls.o
LOAD ./system/src/newlib/assert.o
LOAD ./system/src/diag/Trace.o
LOAD ./system/src/diag/trace_impl.o
LOAD ./system/src/cortexm/_initialize_hardware.o
LOAD ./system/src/cortexm/_reset_hardware.o
LOAD ./system/src/cortexm/exception_handlers.o
LOAD ./system/src/cmsis/system_stm32f10x.o
LOAD ./system/src/cmsis/vectors_stm32f10x.o
LOAD ./src/Service/TransportProtocol/TProtocol.o
LOAD ./src/Service/TransportProtocol/TProtocolMessages_Config.o
LOAD ./src/MCAL/USART/dUART.o
LOAD ./src/MCAL/RCC/dRCC.o
LOAD ./src/MCAL/NVIC/DNVIC_program.o
LOAD ./src/MCAL/GPIO/dGPIO.o
LOAD ./src/MCAL/Flash/dFlash.o
LOAD ./src/Libraries/ARM_Delay/DELAY.o
LOAD ./src/ECUAL/USART_Handler/hUART_Config.o
LOAD ./src/ECUAL/USART_Handler/hUSART.o
LOAD ./src/ECUAL/RCC_Handler/hRCC.o
LOAD ./src/Application/main.o
LOAD ./src/_write.o
LOAD g:/iti/tourky/arm_training/arm tools iti/arm gcc/bin/../lib/gcc/arm-none-eabi/5.4.1/../../../../arm-none-eabi/lib/armv7-m\libstdc++_nano.a
LOAD g:/iti/tourky/arm_training/arm tools iti/arm gcc/bin/../lib/gcc/arm-none-eabi/5.4.1/../../../../arm-none-eabi/lib/armv7-m\libm.a
START GROUP
LOAD g:/iti/tourky/arm_training/arm tools iti/arm gcc/bin/../lib/gcc/arm-none-eabi/5.4.1/armv7-m\libgcc.a
LOAD g:/iti/tourky/arm_training/arm tools iti/arm gcc/bin/../lib/gcc/arm-none-eabi/5.4.1/../../../../arm-none-eabi/lib/armv7-m\libg_nano.a
LOAD g:/iti/tourky/arm_training/arm tools iti/arm gcc/bin/../lib/gcc/arm-none-eabi/5.4.1/../../../../arm-none-eabi/lib/armv7-m\libc_nano.a
END GROUP
START GROUP
LOAD g:/iti/tourky/arm_training/arm tools iti/arm gcc/bin/../lib/gcc/arm-none-eabi/5.4.1/armv7-m\libgcc.a
LOAD g:/iti/tourky/arm_training/arm tools iti/arm gcc/bin/../lib/gcc/arm-none-eabi/5.4.1/../../../../arm-none-eabi/lib/armv7-m\libc_nano.a
END GROUP
                0x20005000                __stack = (ORIGIN (RAM) + LENGTH (RAM))
                0x20005000                _estack = __stack
                0x00000400                __Main_Stack_Size = 0x400
                [!provide]                PROVIDE (_Main_Stack_Size, __Main_Stack_Size)
                0x20004c00                __Main_Stack_Limit = (__stack - __Main_Stack_Size)
                [!provide]                PROVIDE (_Main_Stack_Limit, __Main_Stack_Limit)
                0x00000100                _Minimum_Stack_Size = 0x100
                0x200005cc                PROVIDE (_Heap_Begin, _end_noinit)
                0x20004c00                PROVIDE (_Heap_Limit, (__stack - __Main_Stack_Size))

.isr_vector     0x08000000      0x354
 FILL mask 0xff
                0x08000000                __vectors_start = ABSOLUTE (.)
                0x08000000                __vectors_start__ = ABSOLUTE (.)
 *(.isr_vector)
 .isr_vector    0x08000000      0x10c ./system/src/cmsis/vectors_stm32f10x.o
                0x08000000                __isr_vectors
 *(.cfmconfig)
 *(.after_vectors .after_vectors.*)
 .after_vectors
                0x0800010c      0x114 ./system/src/newlib/_startup.o
                0x0800010c                _start
 .after_vectors
                0x08000220      0x130 ./system/src/cortexm/exception_handlers.o
                0x08000220                Reset_Handler
                0x08000228                NMI_Handler
                0x0800022c                HardFault_Handler
                0x08000240                HardFault_Handler_C
                0x080002a0                MemManage_Handler
                0x080002a4                BusFault_Handler
                0x080002b8                BusFault_Handler_C
                0x080002ec                UsageFault_Handler
                0x08000300                UsageFault_Handler_C
                0x08000334                SVC_Handler
                0x08000338                DebugMon_Handler
                0x0800033c                PendSV_Handler
                0x08000340                SysTick_Handler
 .after_vectors
                0x08000350        0x4 ./system/src/cmsis/vectors_stm32f10x.o
                0x08000350                EXTI2_IRQHandler
                0x08000350                TIM8_TRG_COM_IRQHandler
                0x08000350                TIM8_CC_IRQHandler
                0x08000350                TIM1_CC_IRQHandler
                0x08000350                TIM6_IRQHandler
                0x08000350                PVD_IRQHandler
                0x08000350                SDIO_IRQHandler
                0x08000350                CAN2_RX1_IRQHandler
                0x08000350                EXTI3_IRQHandler
                0x08000350                TIM8_TRG_COM_TIM14_IRQHandler
                0x08000350                TIM1_UP_TIM10_IRQHandler
                0x08000350                TIM8_UP_TIM13_IRQHandler
                0x08000350                EXTI0_IRQHandler
                0x08000350                I2C2_EV_IRQHandler
                0x08000350                CAN1_RX0_IRQHandler
                0x08000350                TIM1_UP_TIM16_IRQHandler
                0x08000350                CAN2_SCE_IRQHandler
                0x08000350                ADC1_2_IRQHandler
                0x08000350                SPI1_IRQHandler
                0x08000350                TAMPER_IRQHandler
                0x08000350                TIM6_DAC_IRQHandler
                0x08000350                TIM1_BRK_TIM9_IRQHandler
                0x08000350                CAN2_RX0_IRQHandler
                0x08000350                TIM8_UP_IRQHandler
                0x08000350                DMA2_Channel2_IRQHandler
                0x08000350                DMA1_Channel4_IRQHandler
                0x08000350                USART3_IRQHandler
                0x08000350                RTC_IRQHandler
                0x08000350                DMA1_Channel7_IRQHandler
                0x08000350                CAN1_RX1_IRQHandler
                0x08000350                UART5_IRQHandler
                0x08000350                ADC3_IRQHandler
                0x08000350                TIM4_IRQHandler
                0x08000350                DMA2_Channel1_IRQHandler
                0x08000350                I2C1_EV_IRQHandler
                0x08000350                DMA1_Channel6_IRQHandler
                0x08000350                UART4_IRQHandler
                0x08000350                DMA2_Channel4_IRQHandler
                0x08000350                TIM3_IRQHandler
                0x08000350                RCC_IRQHandler
                0x08000350                TIM8_BRK_TIM12_IRQHandler
                0x08000350                TIM1_TRG_COM_IRQHandler
                0x08000350                DMA1_Channel1_IRQHandler
                0x08000350                Default_Handler
                0x08000350                CEC_IRQHandler
                0x08000350                EXTI15_10_IRQHandler
                0x08000350                TIM14_IRQHandler
                0x08000350                TIM13_IRQHandler
                0x08000350                TIM12_IRQHandler
                0x08000350                TIM7_IRQHandler
                0x08000350                CAN2_TX_IRQHandler
                0x08000350                TIM5_IRQHandler
                0x08000350                EXTI9_5_IRQHandler
                0x08000350                ETH_WKUP_IRQHandler
                0x08000350                SPI2_IRQHandler
                0x08000350                CAN1_TX_IRQHandler
                0x08000350                DMA2_Channel5_IRQHandler
                0x08000350                DMA1_Channel5_IRQHandler
                0x08000350                EXTI4_IRQHandler
                0x08000350                USB_LP_CAN1_RX0_IRQHandler
                0x08000350                TIM1_TRG_COM_TIM17_IRQHandler
                0x08000350                USB_HP_CAN1_TX_IRQHandler
                0x08000350                DMA1_Channel3_IRQHandler
                0x08000350                FSMC_IRQHandler
                0x08000350                ETH_IRQHandler
                0x08000350                TIM1_UP_IRQHandler
                0x08000350                WWDG_IRQHandler
                0x08000350                TIM2_IRQHandler
                0x08000350                OTG_FS_WKUP_IRQHandler
                0x08000350                TIM1_TRG_COM_TIM11_IRQHandler
                0x08000350                TIM1_BRK_IRQHandler
                0x08000350                EXTI1_IRQHandler
                0x08000350                RTCAlarm_IRQHandler
                0x08000350                DMA2_Channel4_5_IRQHandler
                0x08000350                USART2_IRQHandler
                0x08000350                I2C2_ER_IRQHandler
                0x08000350                DMA1_Channel2_IRQHandler
                0x08000350                TIM8_BRK_IRQHandler
                0x08000350                CAN1_SCE_IRQHandler
                0x08000350                FLASH_IRQHandler
                0x08000350                OTG_FS_IRQHandler
                0x08000350                SPI3_IRQHandler
                0x08000350                I2C1_ER_IRQHandler
                0x08000350                USBWakeUp_IRQHandler
                0x08000350                DMA2_Channel3_IRQHandler
                0x08000350                TIM1_BRK_TIM15_IRQHandler

.inits          0x08000354       0x28
                0x08000354                __data_regions_array_start = .
                0x08000354        0x4 LONG 0x8001f3c LOADADDR (.data)
                0x08000358        0x4 LONG 0x20000000 ADDR (.data)
                0x0800035c        0x4 LONG 0x200000d8 (ADDR (.data) + SIZEOF (.data))
                0x08000360        0x4 LONG 0x8001f3c LOADADDR (.data_CCMRAM)
                0x08000364        0x4 LONG 0x0 ADDR (.data_CCMRAM)
                0x08000368        0x4 LONG 0x0 (ADDR (.data_CCMRAM) + SIZEOF (.data_CCMRAM))
                0x0800036c                __data_regions_array_end = .
                0x0800036c                __bss_regions_array_start = .
                0x0800036c        0x4 LONG 0x200000d8 ADDR (.bss)
                0x08000370        0x4 LONG 0x200005cc (ADDR (.bss) + SIZEOF (.bss))
                0x08000374        0x4 LONG 0x0 ADDR (.bss_CCMRAM)
                0x08000378        0x4 LONG 0x0 (ADDR (.bss_CCMRAM) + SIZEOF (.bss_CCMRAM))
                0x0800037c                __bss_regions_array_end = .
 *(.init)
 *(.fini)
                0x0800037c                . = ALIGN (0x4)
                0x0800037c                PROVIDE (__preinit_array_start, .)
 *(.preinit_array_sysinit .preinit_array_sysinit.*)
 *(.preinit_array_platform .preinit_array_platform.*)
 *(.preinit_array .preinit_array.*)
                0x0800037c                PROVIDE (__preinit_array_end, .)
                0x0800037c                . = ALIGN (0x4)
                0x0800037c                PROVIDE (__init_array_start, .)
 *(SORT(.init_array.*))
 *(.init_array)
                0x0800037c                PROVIDE (__init_array_end, .)
                0x0800037c                . = ALIGN (0x4)
                0x0800037c                PROVIDE (__fini_array_start, .)
 *(SORT(.fini_array.*))
 *(.fini_array)
                0x0800037c                PROVIDE (__fini_array_end, .)

.flashtext
 *(.flashtext .flashtext.*)

.text           0x0800037c     0x1bbf
 *(.text .text.*)
 .text._exit    0x0800037c        0x4 ./system/src/newlib/_exit.o
                0x0800037c                _exit
 .text._sbrk    0x08000380       0x44 ./system/src/newlib/_sbrk.o
                0x08000380                _sbrk
 .text.__initialize_args
                0x080003c4       0x10 ./system/src/newlib/_syscalls.o
                0x080003c4                __initialize_args
 .text.trace_printf
                0x080003d4       0x30 ./system/src/diag/Trace.o
                0x080003d4                trace_printf
 .text._trace_write_semihosting_debug
                0x08000404       0x64 ./system/src/diag/trace_impl.o
 .text.trace_write
                0x08000468        0x8 ./system/src/diag/trace_impl.o
                0x08000468                trace_write
 .text.__initialize_hardware_early
                0x08000470       0x18 ./system/src/cortexm/_initialize_hardware.o
                0x08000470                __initialize_hardware_early
 .text.__initialize_hardware
                0x08000488        0x8 ./system/src/cortexm/_initialize_hardware.o
                0x08000488                __initialize_hardware
 .text.dumpExceptionStack
                0x08000490       0xf0 ./system/src/cortexm/exception_handlers.o
                0x08000490                dumpExceptionStack
 .text.isSemihosting
                0x08000580       0x20 ./system/src/cortexm/exception_handlers.o
                0x08000580                isSemihosting
 .text.SetSysClockTo72
                0x080005a0       0xc4 ./system/src/cmsis/system_stm32f10x.o
 .text.SetSysClock
                0x08000664        0x8 ./system/src/cmsis/system_stm32f10x.o
 .text.SystemInit
                0x0800066c       0x50 ./system/src/cmsis/system_stm32f10x.o
                0x0800066c                SystemInit
 .text.SystemCoreClockUpdate
                0x080006bc       0x94 ./system/src/cmsis/system_stm32f10x.o
                0x080006bc                SystemCoreClockUpdate
 .text.TProtcol_sendFrame
                0x08000750       0x24 ./src/Service/TransportProtocol/TProtocol.o
                0x08000750                TProtcol_sendFrame
 .text.TProtocol_ReceiveFrame
                0x08000774       0x20 ./src/Service/TransportProtocol/TProtocol.o
                0x08000774                TProtocol_ReceiveFrame
 .text.USART1_IRQHandler
                0x08000794       0xa0 ./src/MCAL/USART/dUART.o
                0x08000794                USART1_IRQHandler
 .text.UART_Send
                0x08000834       0x5c ./src/MCAL/USART/dUART.o
                0x08000834                UART_Send
 .text.UART_Reveive
                0x08000890       0x48 ./src/MCAL/USART/dUART.o
                0x08000890                UART_Reveive
 .text.UART_Configure
                0x080008d8       0x38 ./src/MCAL/USART/dUART.o
                0x080008d8                UART_Configure
 .text.UART_setRxCbf
                0x08000910        0xc ./src/MCAL/USART/dUART.o
                0x08000910                UART_setRxCbf
 .text.RCC_SetSYSClock
                0x0800091c       0x24 ./src/MCAL/RCC/dRCC.o
                0x0800091c                RCC_SetSYSClock
 .text.RCC_ControlPerihperal
                0x08000940       0x70 ./src/MCAL/RCC/dRCC.o
                0x08000940                RCC_ControlPerihperal
 .text.DNVIC_EnableIRQ
                0x080009b0       0x1c ./src/MCAL/NVIC/DNVIC_program.o
                0x080009b0                DNVIC_EnableIRQ
 .text.DNVIC_ClearPending
                0x080009cc       0x18 ./src/MCAL/NVIC/DNVIC_program.o
                0x080009cc                DNVIC_ClearPending
 .text.NVIC_EnablePRIMASK
                0x080009e4        0xc ./src/MCAL/NVIC/DNVIC_program.o
                0x080009e4                NVIC_EnablePRIMASK
 .text.NVIC_DisablePRIMASK
                0x080009f0        0xc ./src/MCAL/NVIC/DNVIC_program.o
                0x080009f0                NVIC_DisablePRIMASK
 .text.GPIO_Config
                0x080009fc       0x94 ./src/MCAL/GPIO/dGPIO.o
                0x080009fc                GPIO_Config
 .text.GPIO_writePin
                0x08000a90       0x10 ./src/MCAL/GPIO/dGPIO.o
                0x08000a90                GPIO_writePin
 .text.Flash_WriteWord
                0x08000aa0       0x54 ./src/MCAL/Flash/dFlash.o
                0x08000aa0                Flash_WriteWord
 .text.Flash_ProgramWrite
                0x08000af4       0x84 ./src/MCAL/Flash/dFlash.o
                0x08000af4                Flash_ProgramWrite
 .text.Flash_Unlock
                0x08000b78       0x28 ./src/MCAL/Flash/dFlash.o
                0x08000b78                Flash_Unlock
 .text.Flash_ErassPage
                0x08000ba0       0x7c ./src/MCAL/Flash/dFlash.o
                0x08000ba0                Flash_ErassPage
 .text.Delay_ms
                0x08000c1c       0x34 ./src/Libraries/ARM_Delay/DELAY.o
                0x08000c1c                Delay_ms
 .text.UART_Init
                0x08000c50       0xb4 ./src/ECUAL/USART_Handler/hUSART.o
                0x08000c50                UART_Init
 .text.UART_SendBuffer
                0x08000d04        0x8 ./src/ECUAL/USART_Handler/hUSART.o
                0x08000d04                UART_SendBuffer
 .text.UART_ReceiveBuffer
                0x08000d0c        0x8 ./src/ECUAL/USART_Handler/hUSART.o
                0x08000d0c                UART_ReceiveBuffer
 .text.UART_setRecveiverCbf
                0x08000d14        0x8 ./src/ECUAL/USART_Handler/hUSART.o
                0x08000d14                UART_setRecveiverCbf
 .text.start_app
                0x08000d1c        0x8 ./src/Application/main.o
 .text.newApp   0x08000d24      0x22c ./src/Application/main.o
                0x08000d24                newApp
 .text.main     0x08000f50       0xc0 ./src/Application/main.o
                0x08000f50                main
 .text          0x08001010      0x21c g:/iti/tourky/arm_training/arm tools iti/arm gcc/bin/../lib/gcc/arm-none-eabi/5.4.1/armv7-m\libgcc.a(_arm_addsubsf3.o)
                0x08001010                __aeabi_frsub
                0x08001018                __subsf3
                0x08001018                __aeabi_fsub
                0x0800101c                __aeabi_fadd
                0x0800101c                __addsf3
                0x0800117c                __aeabi_ui2f
                0x0800117c                __floatunsisf
                0x08001184                __aeabi_i2f
                0x08001184                __floatsisf
                0x080011a0                __aeabi_ul2f
                0x080011a0                __floatundisf
                0x080011b0                __aeabi_l2f
                0x080011b0                __floatdisf
 .text          0x0800122c      0x2a0 g:/iti/tourky/arm_training/arm tools iti/arm gcc/bin/../lib/gcc/arm-none-eabi/5.4.1/armv7-m\libgcc.a(_arm_muldivsf3.o)
                0x0800122c                __mulsf3
                0x0800122c                __aeabi_fmul
                0x08001394                __aeabi_fdiv
                0x08001394                __divsf3
 .text          0x080014cc       0x40 g:/iti/tourky/arm_training/arm tools iti/arm gcc/bin/../lib/gcc/arm-none-eabi/5.4.1/armv7-m\libgcc.a(_arm_fixunssfsi.o)
                0x080014cc                __fixunssfsi
                0x080014cc                __aeabi_f2uiz
 .text.__errno  0x0800150c        0xc g:/iti/tourky/arm_training/arm tools iti/arm gcc/bin/../lib/gcc/arm-none-eabi/5.4.1/../../../../arm-none-eabi/lib/armv7-m\libg_nano.a(lib_a-errno.o)
                0x0800150c                __errno
 .text._vsnprintf_r
                0x08001518       0x56 g:/iti/tourky/arm_training/arm tools iti/arm gcc/bin/../lib/gcc/arm-none-eabi/5.4.1/../../../../arm-none-eabi/lib/armv7-m\libg_nano.a(lib_a-vsnprintf.o)
                0x08001518                _vsniprintf_r
                0x08001518                _vsnprintf_r
 *fill*         0x0800156e        0x2 
 .text.vsnprintf
                0x08001570       0x1c g:/iti/tourky/arm_training/arm tools iti/arm gcc/bin/../lib/gcc/arm-none-eabi/5.4.1/../../../../arm-none-eabi/lib/armv7-m\libg_nano.a(lib_a-vsnprintf.o)
                0x08001570                vsniprintf
                0x08001570                vsnprintf
 .text.__ssputs_r
                0x0800158c       0xb2 g:/iti/tourky/arm_training/arm tools iti/arm gcc/bin/../lib/gcc/arm-none-eabi/5.4.1/../../../../arm-none-eabi/lib/armv7-m\libg_nano.a(lib_a-nano-svfprintf.o)
                0x0800158c                __ssputs_r
 *fill*         0x0800163e        0x2 
 .text._svfprintf_r
                0x08001640      0x1e8 g:/iti/tourky/arm_training/arm tools iti/arm gcc/bin/../lib/gcc/arm-none-eabi/5.4.1/../../../../arm-none-eabi/lib/armv7-m\libg_nano.a(lib_a-nano-svfprintf.o)
                0x08001640                _svfiprintf_r
                0x08001640                _svfprintf_r
 .text._printf_common
                0x08001828       0xec g:/iti/tourky/arm_training/arm tools iti/arm gcc/bin/../lib/gcc/arm-none-eabi/5.4.1/../../../../arm-none-eabi/lib/armv7-m\libg_nano.a(lib_a-nano-vfprintf_i.o)
                0x08001828                _printf_common
 .text._printf_i
                0x08001914      0x24c g:/iti/tourky/arm_training/arm tools iti/arm gcc/bin/../lib/gcc/arm-none-eabi/5.4.1/../../../../arm-none-eabi/lib/armv7-m\libg_nano.a(lib_a-nano-vfprintf_i.o)
                0x08001914                _printf_i
 .text.memchr   0x08001b60       0x1c g:/iti/tourky/arm_training/arm tools iti/arm gcc/bin/../lib/gcc/arm-none-eabi/5.4.1/../../../../arm-none-eabi/lib/armv7-m\libg_nano.a(lib_a-memchr-stub.o)
                0x08001b60                memchr
 .text.memcpy   0x08001b7c       0x16 g:/iti/tourky/arm_training/arm tools iti/arm gcc/bin/../lib/gcc/arm-none-eabi/5.4.1/../../../../arm-none-eabi/lib/armv7-m\libg_nano.a(lib_a-memcpy-stub.o)
                0x08001b7c                memcpy
 .text.memmove  0x08001b92       0x36 g:/iti/tourky/arm_training/arm tools iti/arm gcc/bin/../lib/gcc/arm-none-eabi/5.4.1/../../../../arm-none-eabi/lib/armv7-m\libg_nano.a(lib_a-memmove.o)
                0x08001b92                memmove
 .text._free_r  0x08001bc8       0x98 g:/iti/tourky/arm_training/arm tools iti/arm gcc/bin/../lib/gcc/arm-none-eabi/5.4.1/../../../../arm-none-eabi/lib/armv7-m\libg_nano.a(lib_a-nano-freer.o)
                0x08001bc8                _free_r
 .text._malloc_r
                0x08001c60       0xbc g:/iti/tourky/arm_training/arm tools iti/arm gcc/bin/../lib/gcc/arm-none-eabi/5.4.1/../../../../arm-none-eabi/lib/armv7-m\libg_nano.a(lib_a-nano-mallocr.o)
                0x08001c60                _malloc_r
 .text._realloc_r
                0x08001d1c       0x4c g:/iti/tourky/arm_training/arm tools iti/arm gcc/bin/../lib/gcc/arm-none-eabi/5.4.1/../../../../arm-none-eabi/lib/armv7-m\libg_nano.a(lib_a-nano-reallocr.o)
                0x08001d1c                _realloc_r
 .text._sbrk_r  0x08001d68       0x20 g:/iti/tourky/arm_training/arm tools iti/arm gcc/bin/../lib/gcc/arm-none-eabi/5.4.1/../../../../arm-none-eabi/lib/armv7-m\libg_nano.a(lib_a-sbrkr.o)
                0x08001d68                _sbrk_r
 .text.__malloc_lock
                0x08001d88        0x2 g:/iti/tourky/arm_training/arm tools iti/arm gcc/bin/../lib/gcc/arm-none-eabi/5.4.1/../../../../arm-none-eabi/lib/armv7-m\libg_nano.a(lib_a-mlock.o)
                0x08001d88                __malloc_lock
 .text.__malloc_unlock
                0x08001d8a        0x2 g:/iti/tourky/arm_training/arm tools iti/arm gcc/bin/../lib/gcc/arm-none-eabi/5.4.1/../../../../arm-none-eabi/lib/armv7-m\libg_nano.a(lib_a-mlock.o)
                0x08001d8a                __malloc_unlock
 .text._malloc_usable_size_r
                0x08001d8c       0x14 g:/iti/tourky/arm_training/arm tools iti/arm gcc/bin/../lib/gcc/arm-none-eabi/5.4.1/../../../../arm-none-eabi/lib/armv7-m\libg_nano.a(lib_a-nano-msizer.o)
                0x08001d8c                _malloc_usable_size_r
 *(.rodata .rodata.* .constdata .constdata.*)
 .rodata.str1.4
                0x08001da0      0x148 ./system/src/cortexm/exception_handlers.o
                                0x146 (size before relaxing)
 .rodata.App_UART_Config
                0x08001ee8       0x14 ./src/ECUAL/USART_Handler/hUART_Config.o
                0x08001ee8                App_UART_Config
 .rodata        0x08001efc        0xc ./src/Application/main.o
 .rodata.str1.1
                0x08001f08       0x11 g:/iti/tourky/arm_training/arm tools iti/arm gcc/bin/../lib/gcc/arm-none-eabi/5.4.1/../../../../arm-none-eabi/lib/armv7-m\libg_nano.a(lib_a-nano-svfprintf.o)
 .rodata.str1.1
                0x08001f19       0x22 g:/iti/tourky/arm_training/arm tools iti/arm gcc/bin/../lib/gcc/arm-none-eabi/5.4.1/../../../../arm-none-eabi/lib/armv7-m\libg_nano.a(lib_a-nano-vfprintf_i.o)
 *(vtable)
 *(.eh_frame*)
 *(.glue_7)
 .glue_7        0x08001f3b        0x0 linker stubs
 *(.glue_7t)
 .glue_7t       0x08001f3b        0x0 linker stubs

.vfp11_veneer   0x08001f3c        0x0
 .vfp11_veneer  0x08001f3c        0x0 linker stubs

.v4_bx          0x08001f3c        0x0
 .v4_bx         0x08001f3c        0x0 linker stubs

.iplt           0x08001f3c        0x0
 .iplt          0x08001f3c        0x0 ./system/src/stm32f1-stdperiph/misc.o

.rel.dyn        0x08001f3c        0x0
 .rel.iplt      0x08001f3c        0x0 ./system/src/stm32f1-stdperiph/misc.o

.ARM.extab
 *(.ARM.extab* .gnu.linkonce.armextab.*)
                0x08001f3c                . = ALIGN (0x4)
                0x08001f3c                __exidx_start = .

.ARM.exidx
 *(.ARM.exidx* .gnu.linkonce.armexidx.*)
                0x08001f3c                __exidx_end = .
                0x08001f3c                . = ALIGN (0x4)
                0x08001f3c                _etext = .
                0x08001f3c                __etext = .

.data_CCMRAM    0x00000000        0x0 load address 0x08001f3c
 FILL mask 0xff
 *(.data.CCMRAM .data.CCMRAM.*)
                0x00000000                . = ALIGN (0x4)
                0x08001f3c                _sidata = LOADADDR (.data)

.data           0x20000000       0xd8 load address 0x08001f3c
 FILL mask 0xff
                0x20000000                _sdata = .
                0x20000000                __data_start__ = .
 *(.data_begin .data_begin.*)
 .data_begin    0x20000000        0x4 ./system/src/newlib/_startup.o
 *(.data .data.*)
 .data.argv.4290
                0x20000004        0x8 ./system/src/newlib/_syscalls.o
 .data.AHBPrescTable
                0x2000000c       0x10 ./system/src/cmsis/system_stm32f10x.o
                0x2000000c                AHBPrescTable
 .data.SystemCoreClock
                0x2000001c        0x4 ./system/src/cmsis/system_stm32f10x.o
                0x2000001c                SystemCoreClock
 .data.UART_GPIO_TX_Map
                0x20000020       0x24 ./src/ECUAL/USART_Handler/hUART_Config.o
                0x20000020                UART_GPIO_TX_Map
 .data.UART_GPIO_RX_Map
                0x20000044       0x24 ./src/ECUAL/USART_Handler/hUART_Config.o
                0x20000044                UART_GPIO_RX_Map
 .data.AppEntryPoint
                0x20000068        0x4 ./src/Application/main.o
                0x20000068                AppEntryPoint
 .data.FirstTimeFlag
                0x2000006c        0x1 ./src/Application/main.o
                0x2000006c                FirstTimeFlag
 *fill*         0x2000006d        0x3 ff
 .data.impure_data
                0x20000070       0x60 g:/iti/tourky/arm_training/arm tools iti/arm gcc/bin/../lib/gcc/arm-none-eabi/5.4.1/../../../../arm-none-eabi/lib/armv7-m\libg_nano.a(lib_a-impure.o)
 .data._impure_ptr
                0x200000d0        0x4 g:/iti/tourky/arm_training/arm tools iti/arm gcc/bin/../lib/gcc/arm-none-eabi/5.4.1/../../../../arm-none-eabi/lib/armv7-m\libg_nano.a(lib_a-impure.o)
                0x200000d0                _impure_ptr
 *(.data_end .data_end.*)
 .data_end      0x200000d4        0x4 ./system/src/newlib/_startup.o
                0x200000d8                . = ALIGN (0x4)
                0x200000d8                _edata = .
                0x200000d8                __data_end__ = .

.igot.plt       0x200000d8        0x0 load address 0x08002014
 .igot.plt      0x200000d8        0x0 ./system/src/stm32f1-stdperiph/misc.o

.bss_CCMRAM     0x00000000        0x0
 *(.bss.CCMRAM .bss.CCMRAM.*)

.bss            0x200000d8      0x4f4
                0x200000d8                __bss_start__ = .
                0x200000d8                _sbss = .
 *(.bss_begin .bss_begin.*)
 .bss_begin     0x200000d8        0x4 ./system/src/newlib/_startup.o
 *(.bss .bss.*)
 .bss.current_heap_end.3974
                0x200000dc        0x4 ./system/src/newlib/_sbrk.o
 .bss.name.4289
                0x200000e0        0x1 ./system/src/newlib/_syscalls.o
 *fill*         0x200000e1        0x3 
 .bss.buf.5179  0x200000e4       0x80 ./system/src/diag/Trace.o
 .bss.AppRxNotify
                0x20000164        0x4 ./src/MCAL/USART/dUART.o
 .bss.AppTxNotify
                0x20000168        0x4 ./src/MCAL/USART/dUART.o
 .bss.RxBuffer  0x2000016c       0x10 ./src/MCAL/USART/dUART.o
 .bss.TxBuffer  0x2000017c       0x10 ./src/MCAL/USART/dUART.o
 .bss.DataCheckSum
                0x2000018c        0x4 ./src/Application/main.o
                0x2000018c                DataCheckSum
 .bss.EraseCheckSum
                0x20000190        0x1 ./src/Application/main.o
                0x20000190                EraseCheckSum
 .bss.CommandFlag
                0x20000191        0x1 ./src/Application/main.o
                0x20000191                CommandFlag
 *fill*         0x20000192        0x2 
 .bss.TrasnmitterBuffer
                0x20000194        0x8 ./src/Application/main.o
                0x20000194                TrasnmitterBuffer
 .bss.FrameBytes
                0x2000019c        0x1 ./src/Application/main.o
                0x2000019c                FrameBytes
 *fill*         0x2000019d        0x3 
 .bss.RXBuffer  0x200001a0        0x8 ./src/Application/main.o
                0x200001a0                RXBuffer
 .bss.DataIterator
                0x200001a8        0x4 ./src/Application/main.o
 .bss.DataBlock.6524
                0x200001ac        0x1 ./src/Application/main.o
 *fill*         0x200001ad        0x3 
 .bss.__malloc_sbrk_start
                0x200001b0        0x4 g:/iti/tourky/arm_training/arm tools iti/arm gcc/bin/../lib/gcc/arm-none-eabi/5.4.1/../../../../arm-none-eabi/lib/armv7-m\libg_nano.a(lib_a-nano-mallocr.o)
                0x200001b0                __malloc_sbrk_start
 .bss.__malloc_free_list
                0x200001b4        0x4 g:/iti/tourky/arm_training/arm tools iti/arm gcc/bin/../lib/gcc/arm-none-eabi/5.4.1/../../../../arm-none-eabi/lib/armv7-m\libg_nano.a(lib_a-nano-mallocr.o)
                0x200001b4                __malloc_free_list
 *(COMMON)
 COMMON         0x200001b8        0x4 ./system/src/newlib/_syscalls.o
                0x200001b8                errno
 COMMON         0x200001bc      0x40c ./src/Application/main.o
                0x200001bc                MessageID
                0x200001c0                DataCommand
                0x200001c8                ResponseCommand
                0x200001d0                VerifyCommand
                0x200001d8                EraseCommand
                0x200001e0                DataBytes
 *(.bss_end .bss_end.*)
 .bss_end       0x200005c8        0x4 ./system/src/newlib/_startup.o
                0x200005cc                . = ALIGN (0x4)
                0x200005cc                __bss_end__ = .
                0x200005cc                _ebss = .

.noinit_CCMRAM
 *(.noinit.CCMRAM .noinit.CCMRAM.*)

.noinit         0x200005cc        0x0
                0x200005cc                _noinit = .
 *(.noinit .noinit.*)
                0x200005cc                . = ALIGN (0x4)
                0x200005cc                _end_noinit = .
                [!provide]                PROVIDE (end, _end_noinit)
                [!provide]                PROVIDE (_end, _end_noinit)
                [!provide]                PROVIDE (__end, _end_noinit)
                [!provide]                PROVIDE (__end__, _end_noinit)

._check_stack   0x200005cc      0x100
                0x200006cc                . = (. + _Minimum_Stack_Size)
 *fill*         0x200005cc      0x100 

.b1text
 *(.b1text)
 *(.b1rodata)
 *(.b1rodata.*)

.eb0text
 *(.eb0text)
 *(.eb0rodata)
 *(.eb0rodata.*)

.eb1text
 *(.eb1text)
 *(.eb1rodata)
 *(.eb1rodata.*)

.eb2text
 *(.eb2text)
 *(.eb2rodata)
 *(.eb2rodata.*)

.eb3text
 *(.eb3text)
 *(.eb3rodata)
 *(.eb3rodata.*)

.stab
 *(.stab)

.stabstr
 *(.stabstr)

.stab.excl
 *(.stab.excl)

.stab.exclstr
 *(.stab.exclstr)

.stab.index
 *(.stab.index)

.stab.indexstr
 *(.stab.indexstr)

.comment        0x00000000       0x6e
 *(.comment)
 .comment       0x00000000       0x6e ./system/src/newlib/_exit.o
                                 0x6f (size before relaxing)
 .comment       0x0000006e       0x6f ./system/src/newlib/_sbrk.o
 .comment       0x0000006e       0x6f ./system/src/newlib/_startup.o
 .comment       0x0000006e       0x6f ./system/src/newlib/_syscalls.o
 .comment       0x0000006e       0x6f ./system/src/diag/Trace.o
 .comment       0x0000006e       0x6f ./system/src/diag/trace_impl.o
 .comment       0x0000006e       0x6f ./system/src/cortexm/_initialize_hardware.o
 .comment       0x0000006e       0x6f ./system/src/cortexm/exception_handlers.o
 .comment       0x0000006e       0x6f ./system/src/cmsis/system_stm32f10x.o
 .comment       0x0000006e       0x6f ./system/src/cmsis/vectors_stm32f10x.o
 .comment       0x0000006e       0x6f ./src/Service/TransportProtocol/TProtocol.o
 .comment       0x0000006e       0x6f ./src/MCAL/USART/dUART.o
 .comment       0x0000006e       0x6f ./src/MCAL/RCC/dRCC.o
 .comment       0x0000006e       0x6f ./src/MCAL/NVIC/DNVIC_program.o
 .comment       0x0000006e       0x6f ./src/MCAL/GPIO/dGPIO.o
 .comment       0x0000006e       0x6f ./src/MCAL/Flash/dFlash.o
 .comment       0x0000006e       0x6f ./src/Libraries/ARM_Delay/DELAY.o
 .comment       0x0000006e       0x6f ./src/ECUAL/USART_Handler/hUART_Config.o
 .comment       0x0000006e       0x6f ./src/ECUAL/USART_Handler/hUSART.o
 .comment       0x0000006e       0x6f ./src/Application/main.o

.ARM.attributes
                0x00000000       0x31
 .ARM.attributes
                0x00000000       0x33 ./system/src/newlib/_exit.o
 .ARM.attributes
                0x00000033       0x33 ./system/src/newlib/_sbrk.o
 .ARM.attributes
                0x00000066       0x33 ./system/src/newlib/_startup.o
 .ARM.attributes
                0x00000099       0x33 ./system/src/newlib/_syscalls.o
 .ARM.attributes
                0x000000cc       0x33 ./system/src/diag/Trace.o
 .ARM.attributes
                0x000000ff       0x33 ./system/src/diag/trace_impl.o
 .ARM.attributes
                0x00000132       0x33 ./system/src/cortexm/_initialize_hardware.o
 .ARM.attributes
                0x00000165       0x33 ./system/src/cortexm/exception_handlers.o
 .ARM.attributes
                0x00000198       0x33 ./system/src/cmsis/system_stm32f10x.o
 .ARM.attributes
                0x000001cb       0x33 ./system/src/cmsis/vectors_stm32f10x.o
 .ARM.attributes
                0x000001fe       0x33 ./src/Service/TransportProtocol/TProtocol.o
 .ARM.attributes
                0x00000231       0x33 ./src/MCAL/USART/dUART.o
 .ARM.attributes
                0x00000264       0x33 ./src/MCAL/RCC/dRCC.o
 .ARM.attributes
                0x00000297       0x33 ./src/MCAL/NVIC/DNVIC_program.o
 .ARM.attributes
                0x000002ca       0x33 ./src/MCAL/GPIO/dGPIO.o
 .ARM.attributes
                0x000002fd       0x33 ./src/MCAL/Flash/dFlash.o
 .ARM.attributes
                0x00000330       0x33 ./src/Libraries/ARM_Delay/DELAY.o
 .ARM.attributes
                0x00000363       0x33 ./src/ECUAL/USART_Handler/hUART_Config.o
 .ARM.attributes
                0x00000396       0x33 ./src/ECUAL/USART_Handler/hUSART.o
 .ARM.attributes
                0x000003c9       0x33 ./src/Application/main.o
 .ARM.attributes
                0x000003fc       0x1d g:/iti/tourky/arm_training/arm tools iti/arm gcc/bin/../lib/gcc/arm-none-eabi/5.4.1/armv7-m\libgcc.a(_arm_addsubsf3.o)
 .ARM.attributes
                0x00000419       0x1d g:/iti/tourky/arm_training/arm tools iti/arm gcc/bin/../lib/gcc/arm-none-eabi/5.4.1/armv7-m\libgcc.a(_arm_muldivsf3.o)
 .ARM.attributes
                0x00000436       0x1d g:/iti/tourky/arm_training/arm tools iti/arm gcc/bin/../lib/gcc/arm-none-eabi/5.4.1/armv7-m\libgcc.a(_arm_fixunssfsi.o)
 .ARM.attributes
                0x00000453       0x2d g:/iti/tourky/arm_training/arm tools iti/arm gcc/bin/../lib/gcc/arm-none-eabi/5.4.1/../../../../arm-none-eabi/lib/armv7-m\libg_nano.a(lib_a-errno.o)
 .ARM.attributes
                0x00000480       0x2d g:/iti/tourky/arm_training/arm tools iti/arm gcc/bin/../lib/gcc/arm-none-eabi/5.4.1/../../../../arm-none-eabi/lib/armv7-m\libg_nano.a(lib_a-impure.o)
 .ARM.attributes
                0x000004ad       0x2d g:/iti/tourky/arm_training/arm tools iti/arm gcc/bin/../lib/gcc/arm-none-eabi/5.4.1/../../../../arm-none-eabi/lib/armv7-m\libg_nano.a(lib_a-vsnprintf.o)
 .ARM.attributes
                0x000004da       0x2d g:/iti/tourky/arm_training/arm tools iti/arm gcc/bin/../lib/gcc/arm-none-eabi/5.4.1/../../../../arm-none-eabi/lib/armv7-m\libg_nano.a(lib_a-nano-svfprintf.o)
 .ARM.attributes
                0x00000507       0x2d g:/iti/tourky/arm_training/arm tools iti/arm gcc/bin/../lib/gcc/arm-none-eabi/5.4.1/../../../../arm-none-eabi/lib/armv7-m\libg_nano.a(lib_a-nano-vfprintf_i.o)
 .ARM.attributes
                0x00000534       0x2d g:/iti/tourky/arm_training/arm tools iti/arm gcc/bin/../lib/gcc/arm-none-eabi/5.4.1/../../../../arm-none-eabi/lib/armv7-m\libg_nano.a(lib_a-memchr-stub.o)
 .ARM.attributes
                0x00000561       0x2d g:/iti/tourky/arm_training/arm tools iti/arm gcc/bin/../lib/gcc/arm-none-eabi/5.4.1/../../../../arm-none-eabi/lib/armv7-m\libg_nano.a(lib_a-memcpy-stub.o)
 .ARM.attributes
                0x0000058e       0x2d g:/iti/tourky/arm_training/arm tools iti/arm gcc/bin/../lib/gcc/arm-none-eabi/5.4.1/../../../../arm-none-eabi/lib/armv7-m\libg_nano.a(lib_a-memmove.o)
 .ARM.attributes
                0x000005bb       0x2d g:/iti/tourky/arm_training/arm tools iti/arm gcc/bin/../lib/gcc/arm-none-eabi/5.4.1/../../../../arm-none-eabi/lib/armv7-m\libg_nano.a(lib_a-nano-freer.o)
 .ARM.attributes
                0x000005e8       0x2d g:/iti/tourky/arm_training/arm tools iti/arm gcc/bin/../lib/gcc/arm-none-eabi/5.4.1/../../../../arm-none-eabi/lib/armv7-m\libg_nano.a(lib_a-nano-mallocr.o)
 .ARM.attributes
                0x00000615       0x2d g:/iti/tourky/arm_training/arm tools iti/arm gcc/bin/../lib/gcc/arm-none-eabi/5.4.1/../../../../arm-none-eabi/lib/armv7-m\libg_nano.a(lib_a-nano-reallocr.o)
 .ARM.attributes
                0x00000642       0x2d g:/iti/tourky/arm_training/arm tools iti/arm gcc/bin/../lib/gcc/arm-none-eabi/5.4.1/../../../../arm-none-eabi/lib/armv7-m\libg_nano.a(lib_a-sbrkr.o)
 .ARM.attributes
                0x0000066f       0x2d g:/iti/tourky/arm_training/arm tools iti/arm gcc/bin/../lib/gcc/arm-none-eabi/5.4.1/../../../../arm-none-eabi/lib/armv7-m\libg_nano.a(lib_a-mlock.o)
 .ARM.attributes
                0x0000069c       0x2d g:/iti/tourky/arm_training/arm tools iti/arm gcc/bin/../lib/gcc/arm-none-eabi/5.4.1/../../../../arm-none-eabi/lib/armv7-m\libg_nano.a(lib_a-nano-msizer.o)

.debug
 *(.debug)

.line
 *(.line)

.debug_srcinfo
 *(.debug_srcinfo)

.debug_sfnames
 *(.debug_sfnames)

.debug_aranges  0x00000000      0x4c8
 *(.debug_aranges)
 .debug_aranges
                0x00000000       0x28 ./system/src/newlib/_exit.o
 .debug_aranges
                0x00000028       0x20 ./system/src/newlib/_sbrk.o
 .debug_aranges
                0x00000048       0x40 ./system/src/newlib/_startup.o
 .debug_aranges
                0x00000088       0x30 ./system/src/newlib/_syscalls.o
 .debug_aranges
                0x000000b8       0x38 ./system/src/diag/Trace.o
 .debug_aranges
                0x000000f0       0x30 ./system/src/diag/trace_impl.o
 .debug_aranges
                0x00000120       0x28 ./system/src/cortexm/_initialize_hardware.o
 .debug_aranges
                0x00000148       0x90 ./system/src/cortexm/exception_handlers.o
 .debug_aranges
                0x000001d8       0x38 ./system/src/cmsis/system_stm32f10x.o
 .debug_aranges
                0x00000210       0x20 ./system/src/cmsis/vectors_stm32f10x.o
 .debug_aranges
                0x00000230       0x28 ./src/Service/TransportProtocol/TProtocol.o
 .debug_aranges
                0x00000258       0x48 ./src/MCAL/USART/dUART.o
 .debug_aranges
                0x000002a0       0x70 ./src/MCAL/RCC/dRCC.o
 .debug_aranges
                0x00000310       0x90 ./src/MCAL/NVIC/DNVIC_program.o
 .debug_aranges
                0x000003a0       0x38 ./src/MCAL/GPIO/dGPIO.o
 .debug_aranges
                0x000003d8       0x48 ./src/MCAL/Flash/dFlash.o
 .debug_aranges
                0x00000420       0x20 ./src/Libraries/ARM_Delay/DELAY.o
 .debug_aranges
                0x00000440       0x18 ./src/ECUAL/USART_Handler/hUART_Config.o
 .debug_aranges
                0x00000458       0x40 ./src/ECUAL/USART_Handler/hUSART.o
 .debug_aranges
                0x00000498       0x30 ./src/Application/main.o

.debug_pubnames
 *(.debug_pubnames)

.debug_info     0x00000000     0x442c
 *(.debug_info .gnu.linkonce.wi.*)
 .debug_info    0x00000000       0xef ./system/src/newlib/_exit.o
 .debug_info    0x000000ef      0x11f ./system/src/newlib/_sbrk.o
 .debug_info    0x0000020e      0x455 ./system/src/newlib/_startup.o
 .debug_info    0x00000663      0x1c7 ./system/src/newlib/_syscalls.o
 .debug_info    0x0000082a      0x2e7 ./system/src/diag/Trace.o
 .debug_info    0x00000b11      0x30b ./system/src/diag/trace_impl.o
 .debug_info    0x00000e1c      0x2b1 ./system/src/cortexm/_initialize_hardware.o
 .debug_info    0x000010cd      0x8da ./system/src/cortexm/exception_handlers.o
 .debug_info    0x000019a7      0x497 ./system/src/cmsis/system_stm32f10x.o
 .debug_info    0x00001e3e       0xd1 ./system/src/cmsis/vectors_stm32f10x.o
 .debug_info    0x00001f0f      0x1b8 ./src/Service/TransportProtocol/TProtocol.o
 .debug_info    0x000020c7      0x3a1 ./src/MCAL/USART/dUART.o
 .debug_info    0x00002468      0x3b7 ./src/MCAL/RCC/dRCC.o
 .debug_info    0x0000281f      0x347 ./src/MCAL/NVIC/DNVIC_program.o
 .debug_info    0x00002b66      0x2cd ./src/MCAL/GPIO/dGPIO.o
 .debug_info    0x00002e33      0x2b1 ./src/MCAL/Flash/dFlash.o
 .debug_info    0x000030e4       0xaf ./src/Libraries/ARM_Delay/DELAY.o
 .debug_info    0x00003193      0x22e ./src/ECUAL/USART_Handler/hUART_Config.o
 .debug_info    0x000033c1      0x4f0 ./src/ECUAL/USART_Handler/hUSART.o
 .debug_info    0x000038b1      0xb7b ./src/Application/main.o

.debug_abbrev   0x00000000     0x16a7
 *(.debug_abbrev)
 .debug_abbrev  0x00000000       0x8e ./system/src/newlib/_exit.o
 .debug_abbrev  0x0000008e       0xb9 ./system/src/newlib/_sbrk.o
 .debug_abbrev  0x00000147      0x1ac ./system/src/newlib/_startup.o
 .debug_abbrev  0x000002f3       0xec ./system/src/newlib/_syscalls.o
 .debug_abbrev  0x000003df      0x156 ./system/src/diag/Trace.o
 .debug_abbrev  0x00000535      0x1c8 ./system/src/diag/trace_impl.o
 .debug_abbrev  0x000006fd       0xea ./system/src/cortexm/_initialize_hardware.o
 .debug_abbrev  0x000007e7      0x247 ./system/src/cortexm/exception_handlers.o
 .debug_abbrev  0x00000a2e      0x159 ./system/src/cmsis/system_stm32f10x.o
 .debug_abbrev  0x00000b87       0x9d ./system/src/cmsis/vectors_stm32f10x.o
 .debug_abbrev  0x00000c24       0xf7 ./src/Service/TransportProtocol/TProtocol.o
 .debug_abbrev  0x00000d1b      0x145 ./src/MCAL/USART/dUART.o
 .debug_abbrev  0x00000e60       0xd8 ./src/MCAL/RCC/dRCC.o
 .debug_abbrev  0x00000f38       0xb1 ./src/MCAL/NVIC/DNVIC_program.o
 .debug_abbrev  0x00000fe9      0x108 ./src/MCAL/GPIO/dGPIO.o
 .debug_abbrev  0x000010f1      0x11b ./src/MCAL/Flash/dFlash.o
 .debug_abbrev  0x0000120c       0x74 ./src/Libraries/ARM_Delay/DELAY.o
 .debug_abbrev  0x00001280       0xb3 ./src/ECUAL/USART_Handler/hUART_Config.o
 .debug_abbrev  0x00001333      0x167 ./src/ECUAL/USART_Handler/hUSART.o
 .debug_abbrev  0x0000149a      0x20d ./src/Application/main.o

.debug_line     0x00000000     0x3836
 *(.debug_line)
 .debug_line    0x00000000      0x31d ./system/src/newlib/_exit.o
 .debug_line    0x0000031d      0x2ce ./system/src/newlib/_sbrk.o
 .debug_line    0x000005eb      0x384 ./system/src/newlib/_startup.o
 .debug_line    0x0000096f      0x3e1 ./system/src/newlib/_syscalls.o
 .debug_line    0x00000d50      0x38b ./system/src/diag/Trace.o
 .debug_line    0x000010db      0x603 ./system/src/diag/trace_impl.o
 .debug_line    0x000016de      0x36b ./system/src/cortexm/_initialize_hardware.o
 .debug_line    0x00001a49      0x6ac ./system/src/cortexm/exception_handlers.o
 .debug_line    0x000020f5      0x3cb ./system/src/cmsis/system_stm32f10x.o
 .debug_line    0x000024c0       0xfb ./system/src/cmsis/vectors_stm32f10x.o
 .debug_line    0x000025bb       0xff ./src/Service/TransportProtocol/TProtocol.o
 .debug_line    0x000026ba      0x13c ./src/MCAL/USART/dUART.o
 .debug_line    0x000027f6      0x1b0 ./src/MCAL/RCC/dRCC.o
 .debug_line    0x000029a6      0x209 ./src/MCAL/NVIC/DNVIC_program.o
 .debug_line    0x00002baf      0x103 ./src/MCAL/GPIO/dGPIO.o
 .debug_line    0x00002cb2      0x153 ./src/MCAL/Flash/dFlash.o
 .debug_line    0x00002e05       0xaf ./src/Libraries/ARM_Delay/DELAY.o
 .debug_line    0x00002eb4      0x147 ./src/ECUAL/USART_Handler/hUART_Config.o
 .debug_line    0x00002ffb      0x1f7 ./src/ECUAL/USART_Handler/hUSART.o
 .debug_line    0x000031f2      0x644 ./src/Application/main.o

.debug_frame    0x00000000      0xbd0
 *(.debug_frame)
 .debug_frame   0x00000000       0x38 ./system/src/newlib/_exit.o
 .debug_frame   0x00000038       0x28 ./system/src/newlib/_sbrk.o
 .debug_frame   0x00000060       0x7c ./system/src/newlib/_startup.o
 .debug_frame   0x000000dc       0x50 ./system/src/newlib/_syscalls.o
 .debug_frame   0x0000012c       0x94 ./system/src/diag/Trace.o
 .debug_frame   0x000001c0       0x60 ./system/src/diag/trace_impl.o
 .debug_frame   0x00000220       0x40 ./system/src/cortexm/_initialize_hardware.o
 .debug_frame   0x00000260      0x158 ./system/src/cortexm/exception_handlers.o
 .debug_frame   0x000003b8       0x68 ./system/src/cmsis/system_stm32f10x.o
 .debug_frame   0x00000420       0x20 ./system/src/cmsis/vectors_stm32f10x.o
 .debug_frame   0x00000440       0x3c ./src/Service/TransportProtocol/TProtocol.o
 .debug_frame   0x0000047c       0x8c ./src/MCAL/USART/dUART.o
 .debug_frame   0x00000508       0xc0 ./src/MCAL/RCC/dRCC.o
 .debug_frame   0x000005c8      0x118 ./src/MCAL/NVIC/DNVIC_program.o
 .debug_frame   0x000006e0       0x64 ./src/MCAL/GPIO/dGPIO.o
 .debug_frame   0x00000744       0x90 ./src/MCAL/Flash/dFlash.o
 .debug_frame   0x000007d4       0x28 ./src/Libraries/ARM_Delay/DELAY.o
 .debug_frame   0x000007fc       0x94 ./src/ECUAL/USART_Handler/hUSART.o
 .debug_frame   0x00000890       0x54 ./src/Application/main.o
 .debug_frame   0x000008e4       0x20 g:/iti/tourky/arm_training/arm tools iti/arm gcc/bin/../lib/gcc/arm-none-eabi/5.4.1/../../../../arm-none-eabi/lib/armv7-m\libg_nano.a(lib_a-errno.o)
 .debug_frame   0x00000904       0x48 g:/iti/tourky/arm_training/arm tools iti/arm gcc/bin/../lib/gcc/arm-none-eabi/5.4.1/../../../../arm-none-eabi/lib/armv7-m\libg_nano.a(lib_a-vsnprintf.o)
 .debug_frame   0x0000094c       0x90 g:/iti/tourky/arm_training/arm tools iti/arm gcc/bin/../lib/gcc/arm-none-eabi/5.4.1/../../../../arm-none-eabi/lib/armv7-m\libg_nano.a(lib_a-nano-svfprintf.o)
 .debug_frame   0x000009dc       0x60 g:/iti/tourky/arm_training/arm tools iti/arm gcc/bin/../lib/gcc/arm-none-eabi/5.4.1/../../../../arm-none-eabi/lib/armv7-m\libg_nano.a(lib_a-nano-vfprintf_i.o)
 .debug_frame   0x00000a3c       0x28 g:/iti/tourky/arm_training/arm tools iti/arm gcc/bin/../lib/gcc/arm-none-eabi/5.4.1/../../../../arm-none-eabi/lib/armv7-m\libg_nano.a(lib_a-memchr-stub.o)
 .debug_frame   0x00000a64       0x28 g:/iti/tourky/arm_training/arm tools iti/arm gcc/bin/../lib/gcc/arm-none-eabi/5.4.1/../../../../arm-none-eabi/lib/armv7-m\libg_nano.a(lib_a-memcpy-stub.o)
 .debug_frame   0x00000a8c       0x28 g:/iti/tourky/arm_training/arm tools iti/arm gcc/bin/../lib/gcc/arm-none-eabi/5.4.1/../../../../arm-none-eabi/lib/armv7-m\libg_nano.a(lib_a-memmove.o)
 .debug_frame   0x00000ab4       0x38 g:/iti/tourky/arm_training/arm tools iti/arm gcc/bin/../lib/gcc/arm-none-eabi/5.4.1/../../../../arm-none-eabi/lib/armv7-m\libg_nano.a(lib_a-nano-freer.o)
 .debug_frame   0x00000aec       0x2c g:/iti/tourky/arm_training/arm tools iti/arm gcc/bin/../lib/gcc/arm-none-eabi/5.4.1/../../../../arm-none-eabi/lib/armv7-m\libg_nano.a(lib_a-nano-mallocr.o)
 .debug_frame   0x00000b18       0x3c g:/iti/tourky/arm_training/arm tools iti/arm gcc/bin/../lib/gcc/arm-none-eabi/5.4.1/../../../../arm-none-eabi/lib/armv7-m\libg_nano.a(lib_a-nano-reallocr.o)
 .debug_frame   0x00000b54       0x2c g:/iti/tourky/arm_training/arm tools iti/arm gcc/bin/../lib/gcc/arm-none-eabi/5.4.1/../../../../arm-none-eabi/lib/armv7-m\libg_nano.a(lib_a-sbrkr.o)
 .debug_frame   0x00000b80       0x30 g:/iti/tourky/arm_training/arm tools iti/arm gcc/bin/../lib/gcc/arm-none-eabi/5.4.1/../../../../arm-none-eabi/lib/armv7-m\libg_nano.a(lib_a-mlock.o)
 .debug_frame   0x00000bb0       0x20 g:/iti/tourky/arm_training/arm tools iti/arm gcc/bin/../lib/gcc/arm-none-eabi/5.4.1/../../../../arm-none-eabi/lib/armv7-m\libg_nano.a(lib_a-nano-msizer.o)

.debug_str      0x00000000    0x575e1
 *(.debug_str)
 .debug_str     0x00000000     0x6d1f ./system/src/newlib/_exit.o
                               0x6e96 (size before relaxing)
 .debug_str     0x00006d1f      0x4de ./system/src/newlib/_sbrk.o
                               0x6281 (size before relaxing)
 .debug_str     0x000071fd      0xbc3 ./system/src/newlib/_startup.o
                               0x5e36 (size before relaxing)
 .debug_str     0x00007dc0      0xe18 ./system/src/newlib/_syscalls.o
                               0x70e1 (size before relaxing)
 .debug_str     0x00008bd8      0x890 ./system/src/diag/Trace.o
                               0x7686 (size before relaxing)
 .debug_str     0x00009468    0x4b2af ./system/src/diag/trace_impl.o
                              0x51e48 (size before relaxing)
 .debug_str     0x00054717       0xc4 ./system/src/cortexm/_initialize_hardware.o
                              0x4e002 (size before relaxing)
 .debug_str     0x000547db      0x1a6 ./system/src/cortexm/exception_handlers.o
                              0x52c0a (size before relaxing)
 .debug_str     0x00054981      0x117 ./system/src/cmsis/system_stm32f10x.o
                              0x4e0ac (size before relaxing)
 .debug_str     0x00054a98       0x57 ./system/src/cmsis/vectors_stm32f10x.o
                               0x3051 (size before relaxing)
 .debug_str     0x00054aef      0x1b3 ./src/Service/TransportProtocol/TProtocol.o
                               0x272a (size before relaxing)
 .debug_str     0x00054ca2      0x54d ./src/MCAL/USART/dUART.o
                               0x2adf (size before relaxing)
 .debug_str     0x000551ef      0xce5 ./src/MCAL/RCC/dRCC.o
                               0x326e (size before relaxing)
 .debug_str     0x00055ed4      0x7f7 ./src/MCAL/NVIC/DNVIC_program.o
                               0x37d1 (size before relaxing)
 .debug_str     0x000566cb      0x272 ./src/MCAL/GPIO/dGPIO.o
                               0x2827 (size before relaxing)
 .debug_str     0x0005693d      0x4e8 ./src/MCAL/Flash/dFlash.o
                               0x2aa1 (size before relaxing)
 .debug_str     0x00056e25       0x53 ./src/Libraries/ARM_Delay/DELAY.o
                               0x25e8 (size before relaxing)
 .debug_str     0x00056e78      0x3de ./src/ECUAL/USART_Handler/hUART_Config.o
                               0x311a (size before relaxing)
 .debug_str     0x00057256       0xef ./src/ECUAL/USART_Handler/hUSART.o
                               0x34c5 (size before relaxing)
 .debug_str     0x00057345      0x29c ./src/Application/main.o
                              0x4f3c6 (size before relaxing)

.debug_loc      0x00000000     0x19c1
 *(.debug_loc)
 .debug_loc     0x00000000       0x82 ./system/src/newlib/_sbrk.o
 .debug_loc     0x00000082      0x265 ./system/src/newlib/_startup.o
 .debug_loc     0x000002e7       0x63 ./system/src/newlib/_syscalls.o
 .debug_loc     0x0000034a      0x102 ./system/src/diag/Trace.o
 .debug_loc     0x0000044c      0x17c ./system/src/diag/trace_impl.o
 .debug_loc     0x000005c8      0x2a8 ./system/src/cortexm/exception_handlers.o
 .debug_loc     0x00000870       0xdf ./system/src/cmsis/system_stm32f10x.o
 .debug_loc     0x0000094f       0x96 ./src/Service/TransportProtocol/TProtocol.o
 .debug_loc     0x000009e5      0x2c3 ./src/MCAL/USART/dUART.o
 .debug_loc     0x00000ca8      0x527 ./src/MCAL/RCC/dRCC.o
 .debug_loc     0x000011cf      0x1c6 ./src/MCAL/NVIC/DNVIC_program.o
 .debug_loc     0x00001395      0x255 ./src/MCAL/GPIO/dGPIO.o
 .debug_loc     0x000015ea      0x11d ./src/MCAL/Flash/dFlash.o
 .debug_loc     0x00001707       0x40 ./src/Libraries/ARM_Delay/DELAY.o
 .debug_loc     0x00001747      0x11e ./src/ECUAL/USART_Handler/hUSART.o
 .debug_loc     0x00001865      0x15c ./src/Application/main.o

.debug_macinfo
 *(.debug_macinfo)

.debug_weaknames
 *(.debug_weaknames)

.debug_funcnames
 *(.debug_funcnames)

.debug_typenames
 *(.debug_typenames)

.debug_varnames
 *(.debug_varnames)
OUTPUT(BL_project.elf elf32-littlearm)

.debug_ranges   0x00000000      0x3c8
 .debug_ranges  0x00000000       0x18 ./system/src/newlib/_exit.o
 .debug_ranges  0x00000018       0x10 ./system/src/newlib/_sbrk.o
 .debug_ranges  0x00000028       0x48 ./system/src/newlib/_startup.o
 .debug_ranges  0x00000070       0x20 ./system/src/newlib/_syscalls.o
 .debug_ranges  0x00000090       0x28 ./system/src/diag/Trace.o
 .debug_ranges  0x000000b8       0x38 ./system/src/diag/trace_impl.o
 .debug_ranges  0x000000f0       0x18 ./system/src/cortexm/_initialize_hardware.o
 .debug_ranges  0x00000108       0x98 ./system/src/cortexm/exception_handlers.o
 .debug_ranges  0x000001a0       0x28 ./system/src/cmsis/system_stm32f10x.o
 .debug_ranges  0x000001c8       0x10 ./system/src/cmsis/vectors_stm32f10x.o
 .debug_ranges  0x000001d8       0x18 ./src/Service/TransportProtocol/TProtocol.o
 .debug_ranges  0x000001f0       0x38 ./src/MCAL/USART/dUART.o
 .debug_ranges  0x00000228       0x60 ./src/MCAL/RCC/dRCC.o
 .debug_ranges  0x00000288       0x80 ./src/MCAL/NVIC/DNVIC_program.o
 .debug_ranges  0x00000308       0x28 ./src/MCAL/GPIO/dGPIO.o
 .debug_ranges  0x00000330       0x38 ./src/MCAL/Flash/dFlash.o
 .debug_ranges  0x00000368       0x10 ./src/Libraries/ARM_Delay/DELAY.o
 .debug_ranges  0x00000378       0x30 ./src/ECUAL/USART_Handler/hUSART.o
 .debug_ranges  0x000003a8       0x20 ./src/Application/main.o

.debug_macro    0x00000000     0x2fed
 .debug_macro   0x00000000      0x19c ./system/src/newlib/_exit.o
 .debug_macro   0x0000019c       0x9c ./system/src/newlib/_exit.o
 .debug_macro   0x00000238      0x10e ./system/src/newlib/_exit.o
 .debug_macro   0x00000346       0x8d ./system/src/newlib/_exit.o
 .debug_macro   0x000003d3       0x43 ./system/src/newlib/_exit.o
 .debug_macro   0x00000416      0x30d ./system/src/newlib/_exit.o
 .debug_macro   0x00000723       0x35 ./system/src/newlib/_exit.o
 .debug_macro   0x00000758      0x151 ./system/src/newlib/_sbrk.o
 .debug_macro   0x000008a9      0x174 ./system/src/newlib/_sbrk.o
 .debug_macro   0x00000a1d       0x10 ./system/src/newlib/_sbrk.o
 .debug_macro   0x00000a2d      0x23b ./system/src/newlib/_sbrk.o
 .debug_macro   0x00000c68      0x15b ./system/src/newlib/_startup.o
 .debug_macro   0x00000dc3      0x1ff ./system/src/newlib/_syscalls.o
 .debug_macro   0x00000fc2       0x1c ./system/src/newlib/_syscalls.o
 .debug_macro   0x00000fde       0x10 ./system/src/newlib/_syscalls.o
 .debug_macro   0x00000fee       0x10 ./system/src/newlib/_syscalls.o
 .debug_macro   0x00000ffe       0x10 ./system/src/newlib/_syscalls.o
 .debug_macro   0x0000100e       0x35 ./system/src/newlib/_syscalls.o
 .debug_macro   0x00001043      0x122 ./system/src/newlib/_syscalls.o
 .debug_macro   0x00001165       0x88 ./system/src/newlib/_syscalls.o
 .debug_macro   0x000011ed       0x2b ./system/src/newlib/_syscalls.o
 .debug_macro   0x00001218      0x118 ./system/src/newlib/_syscalls.o
 .debug_macro   0x00001330      0x159 ./system/src/newlib/_syscalls.o
 .debug_macro   0x00001489       0x16 ./system/src/newlib/_syscalls.o
 .debug_macro   0x0000149f      0x1d9 ./system/src/diag/Trace.o
 .debug_macro   0x00001678       0x16 ./system/src/diag/Trace.o
 .debug_macro   0x0000168e       0x97 ./system/src/diag/Trace.o
 .debug_macro   0x00001725       0xfd ./system/src/diag/Trace.o
 .debug_macro   0x00001822       0x10 ./system/src/diag/Trace.o
 .debug_macro   0x00001832       0x16 ./system/src/diag/Trace.o
 .debug_macro   0x00001848      0x18b ./system/src/diag/Trace.o
 .debug_macro   0x000019d3       0x4c ./system/src/diag/Trace.o
 .debug_macro   0x00001a1f       0x16 ./system/src/diag/Trace.o
 .debug_macro   0x00001a35      0x2c2 ./system/src/diag/trace_impl.o
 .debug_macro   0x00001cf7       0x10 ./system/src/diag/trace_impl.o
 .debug_macro   0x00001d07       0xcf ./system/src/diag/trace_impl.o
 .debug_macro   0x00001dd6       0xbe ./system/src/diag/trace_impl.o
 .debug_macro   0x00001e94       0x22 ./system/src/diag/trace_impl.o
 .debug_macro   0x00001eb6      0x16b ./system/src/cortexm/_initialize_hardware.o
 .debug_macro   0x00002021      0x302 ./system/src/cortexm/exception_handlers.o
 .debug_macro   0x00002323       0x3b ./system/src/cortexm/exception_handlers.o
 .debug_macro   0x0000235e       0x10 ./system/src/cortexm/exception_handlers.o
 .debug_macro   0x0000236e      0x16e ./system/src/cmsis/system_stm32f10x.o
 .debug_macro   0x000024dc       0x34 ./system/src/cmsis/vectors_stm32f10x.o
 .debug_macro   0x00002510       0x43 ./src/Service/TransportProtocol/TProtocol.o
 .debug_macro   0x00002553       0x1c ./src/Service/TransportProtocol/TProtocol.o
 .debug_macro   0x0000256f       0x16 ./src/Service/TransportProtocol/TProtocol.o
 .debug_macro   0x00002585       0xb9 ./src/MCAL/USART/dUART.o
 .debug_macro   0x0000263e       0x1c ./src/MCAL/USART/dUART.o
 .debug_macro   0x0000265a      0x101 ./src/MCAL/RCC/dRCC.o
 .debug_macro   0x0000275b      0x148 ./src/MCAL/RCC/dRCC.o
 .debug_macro   0x000028a3       0x5c ./src/MCAL/NVIC/DNVIC_program.o
 .debug_macro   0x000028ff       0x1c ./src/MCAL/NVIC/DNVIC_program.o
 .debug_macro   0x0000291b      0x208 ./src/MCAL/NVIC/DNVIC_program.o
 .debug_macro   0x00002b23       0x23 ./src/MCAL/GPIO/dGPIO.o
 .debug_macro   0x00002b46       0x7c ./src/MCAL/GPIO/dGPIO.o
 .debug_macro   0x00002bc2       0xcc ./src/MCAL/Flash/dFlash.o
 .debug_macro   0x00002c8e       0x30 ./src/Libraries/ARM_Delay/DELAY.o
 .debug_macro   0x00002cbe       0x92 ./src/ECUAL/USART_Handler/hUART_Config.o
 .debug_macro   0x00002d50       0x28 ./src/ECUAL/USART_Handler/hUART_Config.o
 .debug_macro   0x00002d78       0x50 ./src/ECUAL/USART_Handler/hUSART.o
 .debug_macro   0x00002dc8       0x1c ./src/ECUAL/USART_Handler/hUSART.o
 .debug_macro   0x00002de4      0x209 ./src/Application/main.o
